2026-09-04 16:20:52.671: [INFO] CurrentProfilePath: C:\Projects\Pong\3d-shooter\scratch_edge_profile2\Default
2026-09-04 16:20:52.671: [INFO] Profiles total count: 1
2026-09-04 16:20:52.671: [INFO] Profile: name=Profile 1 path=C:\Projects\Pong\3d-shooter\scratch_edge_profile2\Default lastActive=null
2026-09-04 16:20:52.671: [INFO] LastUsedProfileDir: C:\Projects\Pong\3d-shooter\scratch_edge_profile2\Default
2026-09-04 16:20:52.671: [INFO] VisibilityChanged: 0
2026-09-04 16:20:52.685: [INFO] RecordSyncInitDuration has_sync_been_enabled: 0 state: 0
2026-09-04 16:20:52.686: [INFO] RecordSyncInitDuration has_sync_been_enabled: 0 state: 0
2026-09-04 16:20:52.687: [INFO] RecordSyncInitDuration has_sync_been_enabled: 0 state: 0
2026-09-04 16:20:52.689: [INFO] RecordSyncInitDuration has_sync_been_enabled: 0 state: 0
2026-09-04 16:20:52.690: [INFO] RecordSyncInitDuration has_sync_been_enabled: 0 state: 0
2026-09-04 16:20:52.691: [INFO] RecordSyncInitDuration has_sync_been_enabled: 0 state: 0
2026-09-04 16:20:52.693: [INFO] RecordSyncInitDuration has_sync_been_enabled: 0 state: 0
2026-09-04 16:20:52.694: [INFO] RecordSyncInitDuration has_sync_been_enabled: 0 state: 0
2026-09-04 16:20:52.695: [INFO] RecordSyncInitDuration has_sync_been_enabled: 0 state: 0
2026-09-04 16:20:52.696: [INFO] RecordSyncInitDuration has_sync_been_enabled: 0 state: 0
2026-09-04 16:20:52.712: [INFO] BookmarkNodeAdded, ABU: 0
2026-09-04 16:20:52.712: [INFO] BookmarkNodeAdded, ABU: 0
2026-09-04 16:20:52.712: [INFO] BookmarkNodeAdded, ABU: 0
2026-09-04 16:20:52.712: [INFO] OnDoneLoading sync enabled: 0
2026-09-04 16:20:52.712: [INFO] BookmarkModelLoaded, ids_reassigned: 0
2026-09-04 16:20:52.712: [INFO] BookmarksLoadDropped droppedNodes=0
2026-09-04 16:20:52.712: [INFO] BookmarksSnapshot Startup total=3 bar=3 other=0 mobile=0 showBar=0 showBarNTP=1
2026-09-04 16:20:52.748: [INFO] RecordSyncInitDuration has_sync_been_enabled: 0 state: 0
2026-09-04 16:20:53.342: [INFO] RecordSyncInitDuration has_sync_been_enabled: 0 state: 0
2026-09-04 16:20:53.346: [INFO] RecordSyncInitDuration has_sync_been_enabled: 0 state: 3
2026-09-04 16:20:53.348: [INFO] Primary account changed.
2026-09-04 16:20:53.348: [INFO] OnPrimaryAccountChanged PrimaryAccountChangeEvent::Type::kSet
2026-09-04 16:20:53.357: [INFO] RecordSyncInitDuration has_sync_been_enabled: 0 state: 3
2026-09-04 16:20:53.393: [INFO] RecordSyncInitDuration has_sync_been_enabled: 0 state: 3
2026-09-04 16:20:53.575: [INFO] RecordSyncInitDuration has_sync_been_enabled: 0 state: 3
2026-09-04 16:20:53.577: [INFO] RecordSyncInitDuration has_sync_been_enabled: 0 state: 3
2026-09-04 16:20:53.578: [INFO] RecordSyncInitDuration has_sync_been_enabled: 0 state: 3
2026-09-04 16:20:53.580: [INFO] RecordSyncInitDuration has_sync_been_enabled: 0 state: 3
2026-09-04 16:20:53.582: [INFO] RecordSyncInitDuration has_sync_been_enabled: 0 state: 3
2026-09-04 16:20:53.584: [INFO] RecordSyncInitDuration has_sync_been_enabled: 0 state: 3
2026-09-04 16:20:53.586: [INFO] RecordSyncInitDuration has_sync_been_enabled: 0 state: 4
2026-09-04 16:20:54.825: [INFO] BookmarkNodeAdded, ABU: 0
2026-09-04 16:20:54.825: [INFO] BookmarkNodeAdded, ABU: 0
2026-09-04 16:20:54.825: [INFO] BookmarkNodeAdded, ABU: 0
2026-09-04 16:20:54.825: [INFO] BookmarkNodeAdded, ABU: 0
2026-09-04 16:20:54.825: [INFO] BookmarkNodeAdded, ABU: 0
2026-09-04 16:20:54.825: [INFO] BookmarkNodeAdded, ABU: 0
2026-09-04 16:20:54.826: [INFO] BookmarkNodeAdded, ABU: 0
2026-09-04 16:20:54.826: [INFO] BookmarkNodeAdded, ABU: 0
2026-09-04 16:20:54.834: [INFO] BookmarkBarPrefChanged showBar=0 showBarNTP=0
2026-09-04 16:20:54.867: [INFO] VisibilityChanged: 1
2026-09-04 16:20:57.022: [INFO] Sync initialization duration: 3146ms
