{"logTime": "0904/162231", "correlationVector":"ZBpptpGEorAikIEquIhrZp.1","action":"SyncServerConnectionManagerRequest", "result":"SYNC_SERVER_OK", "context":{"environment":"Prod_francecentral_prod-s01-062-eur-francecentral", "migrationStage":"NotStarted", "server":"akswtt11700005e"}}
{"logTime": "0904/162231", "correlationVector":"ZBpptpGEorAikIEquIhrZp.2","action":"ProcessGetUpdates", "result":"Done", "context":{"dataType":"Encryption Keys", "deleted":"0", "process_failed_to_decrypt":"0", "process_pending_decryption":"0", "process_success":"1", "total":"1"}}
{"logTime": "0904/162232", "correlationVector":"OxgoyMijzJ98XCNoknsbL6","action":"SyncServerConnectionManagerRequest", "result":"SYNC_SERVER_OK", "context":{"environment":"", "migrationStage":"", "server":""}}
{"logTime": "0904/162232", "correlationVector":"OxgoyMijzJ98XCNoknsbL6.0","action":"EncryptionKeysFetcher.DownloadKeys:", "result":"Success", "context":Key count: 10, Last key timestamp: 2026-07-16T10:57:56Z}
{"logTime": "0904/162232", "correlationVector":"OxgoyMijzJ98XCNoknsbL6.1","action":"EncryptionKeysManager::SetEncryptionKeys:", "result":"Success", "context":Key names[10]:[cmHt8R6wPIZTKxnFaEPxnFMhAndxosArDvbMtja802u7m5q0usrnwlhT44Eono64i1XyeKxJIjAtT7Mibcgh5A==][eMbm7eoCd3cWXu1yaXIbasWE6iqafiemL1UAZfh68vvr5OuYhjuslr03kEG2OUtJkeCqkW5Vborp9YCJ90gSxg==][gcOG4Of8QVQikxnTxDPE+li48bSlq5XTqxwbksiS0DadqHZrWKuREnhRv91ZfKf0f6oVOf24UtnFhi6wLiE7mw==][ZoABeXLvKUlYG0dmDrpsavKtUV0zkNSc5HYzN+N8knyVkkE09aR/umLNAVTNux5KCCSv6anomGSJDXAzKKx8Ng==][K8oh7ff6PPhzT6lbogPKkRsrVyORtP4A8TDSIwd+0YYiMjWlfA5MbaTNxaHUD0yg1cBqgSz/DFjnUFKUnqZksA==][s1B0ieeqTJt8JX9z+fR2fQwH2hmdN4a/8G5tgDJR45lMwJxRa6X9jO76hYkQWocPtjIE31dpiro7rmEc7YHo2A==][mN+L1tt95gvPtphRRHrYRcL52kIk7+TfC1S4iHWEaT+Coc8+Cv446Fb4LqGPN1iXndcGF19VsOB64/L2sAr47Q==][xt/MXgftbv2BG7NJlaWis9Y+h63UTCykHabL8LMDcoulFy7OwAjpSJ3MQxZ1TbVeHCh/4nqDons0r2AARA7N2Q==][wJ5IVlBPu1hkfS+u49zutLEXCYLoTwgXIF/7Us8I5ZjZOX6PXoDC44NSUTzu93U86Xji8nWuphZNGWCWGMIHvQ==][eKV8aAzNEIp3CnFXEQlKdqklZNIT9m2fVIC3Q4GVavuFCyEnQ6l4AqchESscKTOQhQMr7umYKXloy+7PhelD7g==]}
{"logTime": "0904/162232", "correlationVector":"OxgoyMijzJ98XCNoknsbL6.2","action":"EncryptionKeysManager::SetEncryptionKeysWithTimestamps:", "result":"Success", "context":Key timestamps[10]:[2021-09-01T19:33:06Z][2022-03-01T20:32:35Z][2022-09-29T16:12:18Z][2023-04-03T18:09:01Z][2023-10-05T15:24:16Z][2024-04-04T17:25:54Z][2024-10-03T15:12:20Z][2025-07-16T21:14:09Z][2026-01-14T19:13:18Z][2026-07-16T10:57:56Z]}
{"logTime": "0904/162232", "correlationVector":"ZBpptpGEorAikIEquIhrZp","action":"Initial GetUpdates", "result":"", "context":Reason: NEW_CLIENT. cV=ZBpptpGEorAikIEquIhrZp}
{"logTime": "0904/162232", "correlationVector":"ZBpptpGEorAikIEquIhrZp.3","action":"GetUpdates Response", "result":"Success", "context":Received 1 update(s). cV=ZBpptpGEorAikIEquIhrZp.0;server=akswtt11700005e;cloudType=Consumer;environment=Prod_francecentral_prod-s01-062-eur-francecentral;migrationStage=NotStarted}
{"logTime": "0904/162232", "correlationVector":"shyC1FWpeqeGGZCX2d6c6Z","action":"Initial GetUpdates", "result":"", "context":Reason: NEWLY_SUPPORTED_DATATYPE. cV=shyC1FWpeqeGGZCX2d6c6Z}
{"logTime": "0904/162232", "correlationVector":"shyC1FWpeqeGGZCX2d6c6Z.1","action":"SyncServerConnectionManagerRequest", "result":"SYNC_SERVER_OK", "context":{"environment":"Prod_francecentral_prod-s01-062-eur-francecentral", "migrationStage":"NotStarted", "server":"akswtt11700005b"}}
{"logTime": "0904/162232", "correlationVector":"shyC1FWpeqeGGZCX2d6c6Z.2","action":"ProcessGetUpdates", "result":"Done", "context":{"dataType":"Passwords", "deleted":"0", "process_failed_to_decrypt":"0", "process_pending_decryption":"0", "process_success":"15", "total":"15"}}
{"logTime": "0904/162232", "correlationVector":"shyC1FWpeqeGGZCX2d6c6Z.3","action":"ProcessGetUpdates", "result":"Done", "context":{"dataType":"Device Info", "deleted":"0", "process_failed_to_decrypt":"0", "process_pending_decryption":"0", "process_success":"19", "total":"19"}}
{"logTime": "0904/162232", "correlationVector":"shyC1FWpeqeGGZCX2d6c6Z.4","action":"GetUpdates Response", "result":"Success", "context":Received 34 update(s). cV=shyC1FWpeqeGGZCX2d6c6Z.0;server=akswtt11700005b;cloudType=Consumer;environment=Prod_francecentral_prod-s01-062-eur-francecentral;migrationStage=NotStarted}
{"logTime": "0904/162232", "correlationVector":"S80SAzVg3CXt6WNezoCbtf","action":"Initial GetUpdates", "result":"", "context":Reason: NEWLY_SUPPORTED_DATATYPE. cV=S80SAzVg3CXt6WNezoCbtf}
{"logTime": "0904/162232", "correlationVector":"S80SAzVg3CXt6WNezoCbtf.1","action":"SyncServerConnectionManagerRequest", "result":"SYNC_SERVER_OK", "context":{"environment":"Prod_francecentral_prod-s01-062-eur-francecentral", "migrationStage":"NotStarted", "server":"akswtt11700005e"}}
{"logTime": "0904/162232", "correlationVector":"S80SAzVg3CXt6WNezoCbtf.2","action":"ProcessGetUpdates", "result":"Done", "context":{"dataType":"Bookmarks", "deleted":"0", "process_failed_to_decrypt":"0", "process_pending_decryption":"0", "process_success":"11", "total":"11"}}
{"logTime": "0904/162232", "correlationVector":"S80SAzVg3CXt6WNezoCbtf.3","action":"ProcessGetUpdates", "result":"Done", "context":{"dataType":"Preferences", "deleted":"0", "process_failed_to_decrypt":"0", "process_pending_decryption":"0", "process_success":"75", "total":"75"}}
{"logTime": "0904/162232", "correlationVector":"S80SAzVg3CXt6WNezoCbtf.4","action":"ProcessGetUpdates", "result":"Done", "context":{"dataType":"Autofill", "deleted":"0", "process_failed_to_decrypt":"0", "process_pending_decryption":"0", "process_success":"29", "total":"29"}}
{"logTime": "0904/162232", "correlationVector":"S80SAzVg3CXt6WNezoCbtf.5","action":"ProcessGetUpdates", "result":"Done", "context":{"dataType":"Sessions", "deleted":"131", "process_failed_to_decrypt":"0", "process_pending_decryption":"0", "process_success":"131", "total":"131"}}
{"logTime": "0904/162232", "correlationVector":"S80SAzVg3CXt6WNezoCbtf.6","action":"ProcessGetUpdates", "result":"Done", "context":{"dataType":"Edge Hub App Usage", "deleted":"2", "process_failed_to_decrypt":"0", "process_pending_decryption":"0", "process_success":"4", "total":"4"}}
{"logTime": "0904/162232", "correlationVector":"S80SAzVg3CXt6WNezoCbtf.7","action":"GetUpdates Response", "result":"Success", "context":Received 250 update(s). cV=S80SAzVg3CXt6WNezoCbtf.0;server=akswtt11700005e;cloudType=Consumer;environment=Prod_francecentral_prod-s01-062-eur-francecentral;migrationStage=NotStarted Some updates remain.}
{"logTime": "0904/162232", "correlationVector":"PwJWU2R/n9kCusvqVZx1aR","action":"Initial GetUpdates", "result":"", "context":Reason: NEWLY_SUPPORTED_DATATYPE. cV=PwJWU2R/n9kCusvqVZx1aR}
{"logTime": "0904/162232", "correlationVector":"PwJWU2R/n9kCusvqVZx1aR.1","action":"SyncServerConnectionManagerRequest", "result":"SYNC_SERVER_OK", "context":{"environment":"Prod_francecentral_prod-s01-062-eur-francecentral", "migrationStage":"NotStarted", "server":"akswtt11700000c"}}
{"logTime": "0904/162232", "correlationVector":"PwJWU2R/n9kCusvqVZx1aR.2","action":"ProcessGetUpdates", "result":"Done", "context":{"dataType":"Bookmarks", "deleted":"2", "process_failed_to_decrypt":"0", "process_pending_decryption":"0", "process_success":"4", "total":"4"}}
{"logTime": "0904/162232", "correlationVector":"PwJWU2R/n9kCusvqVZx1aR.3","action":"ProcessGetUpdates", "result":"Done", "context":{"dataType":"Preferences", "deleted":"0", "process_failed_to_decrypt":"0", "process_pending_decryption":"0", "process_success":"1", "total":"1"}}
{"logTime": "0904/162232", "correlationVector":"PwJWU2R/n9kCusvqVZx1aR.4","action":"ProcessGetUpdates", "result":"Done", "context":{"dataType":"Autofill Profiles", "deleted":"0", "process_failed_to_decrypt":"0", "process_pending_decryption":"0", "process_success":"1", "total":"1"}}
{"logTime": "0904/162232", "correlationVector":"PwJWU2R/n9kCusvqVZx1aR.5","action":"ProcessGetUpdates", "result":"Done", "context":{"dataType":"Autofill", "deleted":"0", "process_failed_to_decrypt":"0", "process_pending_decryption":"0", "process_success":"12", "total":"12"}}
{"logTime": "0904/162232", "correlationVector":"PwJWU2R/n9kCusvqVZx1aR.6","action":"ProcessGetUpdates", "result":"Done", "context":{"dataType":"Sessions", "deleted":"228", "process_failed_to_decrypt":"0", "process_pending_decryption":"0", "process_success":"228", "total":"228"}}
{"logTime": "0904/162232", "correlationVector":"PwJWU2R/n9kCusvqVZx1aR.7","action":"ProcessGetUpdates", "result":"Done", "context":{"dataType":"Saved Tab Group", "deleted":"2", "process_failed_to_decrypt":"0", "process_pending_decryption":"0", "process_success":"2", "total":"2"}}
{"logTime": "0904/162232", "correlationVector":"PwJWU2R/n9kCusvqVZx1aR.8","action":"ProcessGetUpdates", "result":"Done", "context":{"dataType":"Edge Hub App Usage", "deleted":"1", "process_failed_to_decrypt":"0", "process_pending_decryption":"0", "process_success":"2", "total":"2"}}
{"logTime": "0904/162232", "correlationVector":"PwJWU2R/n9kCusvqVZx1aR.9","action":"GetUpdates Response", "result":"Success", "context":Received 250 update(s). cV=PwJWU2R/n9kCusvqVZx1aR.0;server=akswtt11700000c;cloudType=Consumer;environment=Prod_francecentral_prod-s01-062-eur-francecentral;migrationStage=NotStarted Some updates remain.}
{"logTime": "0904/162232", "correlationVector":"bMg+87QxdvIibnPUCOxY/w","action":"Initial GetUpdates", "result":"", "context":Reason: NEWLY_SUPPORTED_DATATYPE. cV=bMg+87QxdvIibnPUCOxY/w}
{"logTime": "0904/162233", "correlationVector":"bMg+87QxdvIibnPUCOxY/w.1","action":"SyncServerConnectionManagerRequest", "result":"SYNC_SERVER_OK", "context":{"environment":"Prod_francecentral_prod-s01-062-eur-francecentral", "migrationStage":"NotStarted", "server":"akswtt117000007"}}
{"logTime": "0904/162233", "correlationVector":"bMg+87QxdvIibnPUCOxY/w.2","action":"ProcessGetUpdates", "result":"Done", "context":{"dataType":"Bookmarks", "deleted":"0", "process_failed_to_decrypt":"0", "process_pending_decryption":"0", "process_success":"1", "total":"1"}}
{"logTime": "0904/162233", "correlationVector":"bMg+87QxdvIibnPUCOxY/w.3","action":"ProcessGetUpdates", "result":"Done", "context":{"dataType":"Preferences", "deleted":"0", "process_failed_to_decrypt":"0", "process_pending_decryption":"0", "process_success":"4", "total":"4"}}
{"logTime": "0904/162233", "correlationVector":"bMg+87QxdvIibnPUCOxY/w.4","action":"ProcessGetUpdates", "result":"Done", "context":{"dataType":"Sessions", "deleted":"37", "process_failed_to_decrypt":"0", "process_pending_decryption":"0", "process_success":"45", "total":"45"}}
{"logTime": "0904/162233", "correlationVector":"bMg+87QxdvIibnPUCOxY/w.5","action":"ProcessGetUpdates", "result":"Done", "context":{"dataType":"Edge Hub App Usage", "deleted":"0", "process_failed_to_decrypt":"0", "process_pending_decryption":"0", "process_success":"3", "total":"3"}}
{"logTime": "0904/162233", "correlationVector":"bMg+87QxdvIibnPUCOxY/w.6","action":"GetUpdates Response", "result":"Success", "context":Received 53 update(s). cV=bMg+87QxdvIibnPUCOxY/w.0;server=akswtt117000007;cloudType=Consumer;environment=Prod_francecentral_prod-s01-062-eur-francecentral;migrationStage=NotStarted}
{"logTime": "0904/162233", "correlationVector":"KyyY400pefVhniEBA8LINW","action":"Initial GetUpdates", "result":"", "context":Reason: NEWLY_SUPPORTED_DATATYPE. cV=KyyY400pefVhniEBA8LINW}
{"logTime": "0904/162233", "correlationVector":"KyyY400pefVhniEBA8LINW.1","action":"SyncServerConnectionManagerRequest", "result":"SYNC_SERVER_OK", "context":{"environment":"Prod_francecentral_prod-s01-062-eur-francecentral", "migrationStage":"NotStarted", "server":"akswtt11700000h"}}
{"logTime": "0904/162233", "correlationVector":"KyyY400pefVhniEBA8LINW.2","action":"ProcessGetUpdates", "result":"Done", "context":{"dataType":"History", "deleted":"0", "process_failed_to_decrypt":"0", "process_pending_decryption":"0", "process_success":"250", "total":"250"}}
{"logTime": "0904/162233", "correlationVector":"KyyY400pefVhniEBA8LINW.3","action":"GetUpdates Response", "result":"Success", "context":Received 250 update(s). cV=KyyY400pefVhniEBA8LINW.0;server=akswtt11700000h;cloudType=Consumer;environment=Prod_francecentral_prod-s01-062-eur-francecentral;migrationStage=NotStarted Some updates remain.}
{"logTime": "0904/162233", "correlationVector":"VXhIk2cNS+85zgCbOZoDQ6","action":"Initial GetUpdates", "result":"", "context":Reason: NEWLY_SUPPORTED_DATATYPE. cV=VXhIk2cNS+85zgCbOZoDQ6}
{"logTime": "0904/162233", "correlationVector":"VXhIk2cNS+85zgCbOZoDQ6.1","action":"SyncServerConnectionManagerRequest", "result":"SYNC_SERVER_OK", "context":{"environment":"Prod_francecentral_prod-s01-062-eur-francecentral", "migrationStage":"NotStarted", "server":"akswtt11700005s"}}
{"logTime": "0904/162233", "correlationVector":"VXhIk2cNS+85zgCbOZoDQ6.2","action":"ProcessGetUpdates", "result":"Done", "context":{"dataType":"History", "deleted":"0", "process_failed_to_decrypt":"0", "process_pending_decryption":"0", "process_success":"250", "total":"250"}}
{"logTime": "0904/162233", "correlationVector":"VXhIk2cNS+85zgCbOZoDQ6.3","action":"GetUpdates Response", "result":"Success", "context":Received 250 update(s). cV=VXhIk2cNS+85zgCbOZoDQ6.0;server=akswtt11700005s;cloudType=Consumer;environment=Prod_francecentral_prod-s01-062-eur-francecentral;migrationStage=NotStarted Some updates remain.}
{"logTime": "0904/162233", "correlationVector":"ENKh7V8PFIpMMzW4bhBFxk","action":"Initial GetUpdates", "result":"", "context":Reason: NEWLY_SUPPORTED_DATATYPE. cV=ENKh7V8PFIpMMzW4bhBFxk}
{"logTime": "0904/162234", "correlationVector":"ENKh7V8PFIpMMzW4bhBFxk.1","action":"SyncServerConnectionManagerRequest", "result":"SYNC_SERVER_OK", "context":{"environment":"Prod_francecentral_prod-s01-062-eur-francecentral", "migrationStage":"NotStarted", "server":"akswtt117000004"}}
{"logTime": "0904/162234", "correlationVector":"ENKh7V8PFIpMMzW4bhBFxk.2","action":"ProcessGetUpdates", "result":"Done", "context":{"dataType":"History", "deleted":"0", "process_failed_to_decrypt":"0", "process_pending_decryption":"0", "process_success":"250", "total":"250"}}
{"logTime": "0904/162234", "correlationVector":"ENKh7V8PFIpMMzW4bhBFxk.3","action":"GetUpdates Response", "result":"Success", "context":Received 250 update(s). cV=ENKh7V8PFIpMMzW4bhBFxk.0;server=akswtt117000004;cloudType=Consumer;environment=Prod_francecentral_prod-s01-062-eur-francecentral;migrationStage=NotStarted Some updates remain.}
{"logTime": "0904/162234", "correlationVector":"ITxkY8Ea15AvywD4mMguUK","action":"Initial GetUpdates", "result":"", "context":Reason: NEWLY_SUPPORTED_DATATYPE. cV=ITxkY8Ea15AvywD4mMguUK}
{"logTime": "0904/162234", "correlationVector":"ITxkY8Ea15AvywD4mMguUK.1","action":"SyncServerConnectionManagerRequest", "result":"SYNC_SERVER_OK", "context":{"environment":"Prod_francecentral_prod-s01-062-eur-francecentral", "migrationStage":"NotStarted", "server":"akswtt11700000t"}}
{"logTime": "0904/162234", "correlationVector":"ITxkY8Ea15AvywD4mMguUK.2","action":"ProcessGetUpdates", "result":"Done", "context":{"dataType":"History", "deleted":"0", "process_failed_to_decrypt":"0", "process_pending_decryption":"0", "process_success":"250", "total":"250"}}
{"logTime": "0904/162234", "correlationVector":"ITxkY8Ea15AvywD4mMguUK.3","action":"GetUpdates Response", "result":"Success", "context":Received 250 update(s). cV=ITxkY8Ea15AvywD4mMguUK.0;server=akswtt11700000t;cloudType=Consumer;environment=Prod_francecentral_prod-s01-062-eur-francecentral;migrationStage=NotStarted Some updates remain.}
{"logTime": "0904/162234", "correlationVector":"h8fvxCW4e551n4JouJRBQ+","action":"Initial GetUpdates", "result":"", "context":Reason: NEWLY_SUPPORTED_DATATYPE. cV=h8fvxCW4e551n4JouJRBQ+}
{"logTime": "0904/162234", "correlationVector":"h8fvxCW4e551n4JouJRBQ+.1","action":"SyncServerConnectionManagerRequest", "result":"SYNC_SERVER_OK", "context":{"environment":"Prod_francecentral_prod-s01-062-eur-francecentral", "migrationStage":"NotStarted", "server":"akswtt11700000h"}}
{"logTime": "0904/162234", "correlationVector":"h8fvxCW4e551n4JouJRBQ+.2","action":"ProcessGetUpdates", "result":"Done", "context":{"dataType":"History", "deleted":"0", "process_failed_to_decrypt":"0", "process_pending_decryption":"0", "process_success":"250", "total":"250"}}
{"logTime": "0904/162234", "correlationVector":"h8fvxCW4e551n4JouJRBQ+.3","action":"GetUpdates Response", "result":"Success", "context":Received 250 update(s). cV=h8fvxCW4e551n4JouJRBQ+.0;server=akswtt11700000h;cloudType=Consumer;environment=Prod_francecentral_prod-s01-062-eur-francecentral;migrationStage=NotStarted Some updates remain.}
{"logTime": "0904/162234", "correlationVector":"/siMn+YjER4r9yfSJ+pT6Q","action":"Initial GetUpdates", "result":"", "context":Reason: NEWLY_SUPPORTED_DATATYPE. cV=/siMn+YjER4r9yfSJ+pT6Q}
{"logTime": "0904/162235", "correlationVector":"/siMn+YjER4r9yfSJ+pT6Q.1","action":"SyncServerConnectionManagerRequest", "result":"SYNC_SERVER_OK", "context":{"environment":"Prod_francecentral_prod-s01-062-eur-francecentral", "migrationStage":"NotStarted", "server":"akswtt11700000r"}}
{"logTime": "0904/162235", "correlationVector":"/siMn+YjER4r9yfSJ+pT6Q.2","action":"ProcessGetUpdates", "result":"Done", "context":{"dataType":"History", "deleted":"0", "process_failed_to_decrypt":"0", "process_pending_decryption":"0", "process_success":"250", "total":"250"}}
{"logTime": "0904/162235", "correlationVector":"/siMn+YjER4r9yfSJ+pT6Q.3","action":"GetUpdates Response", "result":"Success", "context":Received 250 update(s). cV=/siMn+YjER4r9yfSJ+pT6Q.0;server=akswtt11700000r;cloudType=Consumer;environment=Prod_francecentral_prod-s01-062-eur-francecentral;migrationStage=NotStarted Some updates remain.}
{"logTime": "0904/162235", "correlationVector":"OLTuycq0RjbPfPtxbEWth2","action":"Initial GetUpdates", "result":"", "context":Reason: NEWLY_SUPPORTED_DATATYPE. cV=OLTuycq0RjbPfPtxbEWth2}
{"logTime": "0904/162235", "correlationVector":"OLTuycq0RjbPfPtxbEWth2.1","action":"SyncServerConnectionManagerRequest", "result":"SYNC_SERVER_OK", "context":{"environment":"Prod_francecentral_prod-s01-062-eur-francecentral", "migrationStage":"NotStarted", "server":"akswtt11700006a"}}
{"logTime": "0904/162235", "correlationVector":"OLTuycq0RjbPfPtxbEWth2.2","action":"ProcessGetUpdates", "result":"Done", "context":{"dataType":"History", "deleted":"0", "process_failed_to_decrypt":"0", "process_pending_decryption":"0", "process_success":"240", "total":"240"}}
{"logTime": "0904/162235", "correlationVector":"OLTuycq0RjbPfPtxbEWth2.3","action":"GetUpdates Response", "result":"Success", "context":Received 240 update(s). cV=OLTuycq0RjbPfPtxbEWth2.0;server=akswtt11700006a;cloudType=Consumer;environment=Prod_francecentral_prod-s01-062-eur-francecentral;migrationStage=NotStarted}
{"logTime": "0904/162235", "correlationVector":"Ct7NPW4zT0UlyMfl7kAlK3","action":"Normal GetUpdate request", "result":"", "context":cV=Ct7NPW4zT0UlyMfl7kAlK3
Nudged types: Sessions, Device Info, User Consents, History, Edge Hub App Usage
Refresh requested types: Bookmarks, Preferences, Passwords, Autofill Profiles, Autofill, Extensions, Sessions, Extension settings, History Delete Directives, Device Info, User Consents, Send Tab To Self, Web Apps, History, Saved Tab Group, WebAuthn Credentials, Edge Hub App Usage, Edge Workspace, Encryption Keys}
{"logTime": "0904/162235", "correlationVector":"Ct7NPW4zT0UlyMfl7kAlK3.1","action":"SyncServerConnectionManagerRequest", "result":"SYNC_SERVER_OK", "context":{"environment":"Prod_francecentral_prod-s01-062-eur-francecentral", "migrationStage":"NotStarted", "server":"akswtt11700005s"}}
{"logTime": "0904/162235", "correlationVector":"Ct7NPW4zT0UlyMfl7kAlK3.2","action":"GetUpdates Response", "result":"Success", "context":Received 0 update(s). cV=Ct7NPW4zT0UlyMfl7kAlK3.0;server=akswtt11700005s;cloudType=Consumer;environment=Prod_francecentral_prod-s01-062-eur-francecentral;migrationStage=NotStarted}
{"logTime": "0904/162235", "correlationVector":"ycDYlSCRRL3M3Juuvl6aDW","action":"Commit Request", "result":"", "context":Item count: 11
Contributing types: Sessions, Device Info, User Consents, History, Edge Hub App Usage}
{"logTime": "0904/162236", "correlationVector":"ycDYlSCRRL3M3Juuvl6aDW.1","action":"SyncServerConnectionManagerRequest", "result":"SYNC_SERVER_OK", "context":{"environment":"Prod_francecentral_prod-s01-062-eur-francecentral", "migrationStage":"NotStarted", "server":"akswtt11700005z"}}
{"logTime": "0904/162236", "correlationVector":"ycDYlSCRRL3M3Juuvl6aDW.2","action":"Commit Response", "result":"Success", "context":Result: Success. cV=ycDYlSCRRL3M3Juuvl6aDW.0;server=akswtt11700005z;cloudType=Consumer;environment=Prod_francecentral_prod-s01-062-eur-francecentral;migrationStage=NotStarted}
{"logTime": "0904/162236", "correlationVector":"sg5czGJjCcPxUUqzViaRFa","action":"Commit Request", "result":"", "context":Item count: 1
Contributing types: Sessions}
{"logTime": "0904/162236", "correlationVector":"sg5czGJjCcPxUUqzViaRFa.1","action":"SyncServerConnectionManagerRequest", "result":"SYNC_SERVER_OK", "context":{"environment":"Prod_francecentral_prod-s01-062-eur-francecentral", "migrationStage":"NotStarted", "server":"akswtt11700006a"}}
{"logTime": "0904/162236", "correlationVector":"sg5czGJjCcPxUUqzViaRFa.2","action":"Commit Response", "result":"Success", "context":Result: Success. cV=sg5czGJjCcPxUUqzViaRFa.0;server=akswtt11700006a;cloudType=Consumer;environment=Prod_francecentral_prod-s01-062-eur-francecentral;migrationStage=NotStarted}
