{"logTime": "0904/162053", "correlationVector":"5mrpSbu5nDRTQ2IpoH8uzl.1","action":"SyncServerConnectionManagerRequest", "result":"SYNC_SERVER_OK", "context":{"environment":"Prod_francecentral_prod-s01-062-eur-francecentral", "migrationStage":"NotStarted", "server":"akswtt11700005g"}}
{"logTime": "0904/162053", "correlationVector":"5mrpSbu5nDRTQ2IpoH8uzl.2","action":"ProcessGetUpdates", "result":"Done", "context":{"dataType":"Encryption Keys", "deleted":"0", "process_failed_to_decrypt":"0", "process_pending_decryption":"0", "process_success":"1", "total":"1"}}
{"logTime": "0904/162053", "correlationVector":"ytgsS1yg1e+vPB0vWEo9Wr","action":"SyncServerConnectionManagerRequest", "result":"SYNC_SERVER_OK", "context":{"environment":"", "migrationStage":"", "server":""}}
{"logTime": "0904/162053", "correlationVector":"ytgsS1yg1e+vPB0vWEo9Wr.0","action":"EncryptionKeysFetcher.DownloadKeys:", "result":"Success", "context":Key count: 10, Last key timestamp: 2026-07-16T10:57:56Z}
{"logTime": "0904/162053", "correlationVector":"ytgsS1yg1e+vPB0vWEo9Wr.1","action":"EncryptionKeysManager::SetEncryptionKeys:", "result":"Success", "context":Key names[10]:[cmHt8R6wPIZTKxnFaEPxnFMhAndxosArDvbMtja802u7m5q0usrnwlhT44Eono64i1XyeKxJIjAtT7Mibcgh5A==][eMbm7eoCd3cWXu1yaXIbasWE6iqafiemL1UAZfh68vvr5OuYhjuslr03kEG2OUtJkeCqkW5Vborp9YCJ90gSxg==][gcOG4Of8QVQikxnTxDPE+li48bSlq5XTqxwbksiS0DadqHZrWKuREnhRv91ZfKf0f6oVOf24UtnFhi6wLiE7mw==][ZoABeXLvKUlYG0dmDrpsavKtUV0zkNSc5HYzN+N8knyVkkE09aR/umLNAVTNux5KCCSv6anomGSJDXAzKKx8Ng==][K8oh7ff6PPhzT6lbogPKkRsrVyORtP4A8TDSIwd+0YYiMjWlfA5MbaTNxaHUD0yg1cBqgSz/DFjnUFKUnqZksA==][s1B0ieeqTJt8JX9z+fR2fQwH2hmdN4a/8G5tgDJR45lMwJxRa6X9jO76hYkQWocPtjIE31dpiro7rmEc7YHo2A==][mN+L1tt95gvPtphRRHrYRcL52kIk7+TfC1S4iHWEaT+Coc8+Cv446Fb4LqGPN1iXndcGF19VsOB64/L2sAr47Q==][xt/MXgftbv2BG7NJlaWis9Y+h63UTCykHabL8LMDcoulFy7OwAjpSJ3MQxZ1TbVeHCh/4nqDons0r2AARA7N2Q==][wJ5IVlBPu1hkfS+u49zutLEXCYLoTwgXIF/7Us8I5ZjZOX6PXoDC44NSUTzu93U86Xji8nWuphZNGWCWGMIHvQ==][eKV8aAzNEIp3CnFXEQlKdqklZNIT9m2fVIC3Q4GVavuFCyEnQ6l4AqchESscKTOQhQMr7umYKXloy+7PhelD7g==]}
{"logTime": "0904/162053", "correlationVector":"ytgsS1yg1e+vPB0vWEo9Wr.2","action":"EncryptionKeysManager::SetEncryptionKeysWithTimestamps:", "result":"Success", "context":Key timestamps[10]:[2021-09-01T19:33:06Z][2022-03-01T20:32:35Z][2022-09-29T16:12:18Z][2023-04-03T18:09:01Z][2023-10-05T15:24:16Z][2024-04-04T17:25:54Z][2024-10-03T15:12:20Z][2025-07-16T21:14:09Z][2026-01-14T19:13:18Z][2026-07-16T10:57:56Z]}
{"logTime": "0904/162053", "correlationVector":"5mrpSbu5nDRTQ2IpoH8uzl","action":"Initial GetUpdates", "result":"", "context":Reason: NEW_CLIENT. cV=5mrpSbu5nDRTQ2IpoH8uzl}
{"logTime": "0904/162053", "correlationVector":"5mrpSbu5nDRTQ2IpoH8uzl.3","action":"GetUpdates Response", "result":"Success", "context":Received 1 update(s). cV=5mrpSbu5nDRTQ2IpoH8uzl.0;server=akswtt11700005g;cloudType=Consumer;environment=Prod_francecentral_prod-s01-062-eur-francecentral;migrationStage=NotStarted}
{"logTime": "0904/162053", "correlationVector":"0/EpwQUVX6VUBA8G1dzMJ5","action":"Initial GetUpdates", "result":"", "context":Reason: NEWLY_SUPPORTED_DATATYPE. cV=0/EpwQUVX6VUBA8G1dzMJ5}
{"logTime": "0904/162054", "correlationVector":"0/EpwQUVX6VUBA8G1dzMJ5.1","action":"SyncServerConnectionManagerRequest", "result":"SYNC_SERVER_OK", "context":{"environment":"Prod_francecentral_prod-s01-062-eur-francecentral", "migrationStage":"NotStarted", "server":"akswtt11700000r"}}
{"logTime": "0904/162054", "correlationVector":"0/EpwQUVX6VUBA8G1dzMJ5.2","action":"ProcessGetUpdates", "result":"Done", "context":{"dataType":"Passwords", "deleted":"0", "process_failed_to_decrypt":"0", "process_pending_decryption":"0", "process_success":"15", "total":"15"}}
{"logTime": "0904/162054", "correlationVector":"0/EpwQUVX6VUBA8G1dzMJ5.3","action":"ProcessGetUpdates", "result":"Done", "context":{"dataType":"Device Info", "deleted":"0", "process_failed_to_decrypt":"0", "process_pending_decryption":"0", "process_success":"17", "total":"17"}}
{"logTime": "0904/162054", "correlationVector":"0/EpwQUVX6VUBA8G1dzMJ5.4","action":"GetUpdates Response", "result":"Success", "context":Received 32 update(s). cV=0/EpwQUVX6VUBA8G1dzMJ5.0;server=akswtt11700000r;cloudType=Consumer;environment=Prod_francecentral_prod-s01-062-eur-francecentral;migrationStage=NotStarted}
{"logTime": "0904/162054", "correlationVector":"wTUTHNEPPuMjVyZNJfK9te","action":"Initial GetUpdates", "result":"", "context":Reason: NEWLY_SUPPORTED_DATATYPE. cV=wTUTHNEPPuMjVyZNJfK9te}
{"logTime": "0904/162054", "correlationVector":"wTUTHNEPPuMjVyZNJfK9te.1","action":"SyncServerConnectionManagerRequest", "result":"SYNC_SERVER_OK", "context":{"environment":"Prod_francecentral_prod-s01-062-eur-francecentral", "migrationStage":"NotStarted", "server":"akswtt11700000a"}}
{"logTime": "0904/162054", "correlationVector":"wTUTHNEPPuMjVyZNJfK9te.2","action":"ProcessGetUpdates", "result":"Done", "context":{"dataType":"Bookmarks", "deleted":"0", "process_failed_to_decrypt":"0", "process_pending_decryption":"0", "process_success":"11", "total":"11"}}
{"logTime": "0904/162054", "correlationVector":"wTUTHNEPPuMjVyZNJfK9te.3","action":"ProcessGetUpdates", "result":"Done", "context":{"dataType":"Preferences", "deleted":"0", "process_failed_to_decrypt":"0", "process_pending_decryption":"0", "process_success":"75", "total":"75"}}
{"logTime": "0904/162054", "correlationVector":"wTUTHNEPPuMjVyZNJfK9te.4","action":"ProcessGetUpdates", "result":"Done", "context":{"dataType":"Autofill", "deleted":"0", "process_failed_to_decrypt":"0", "process_pending_decryption":"0", "process_success":"29", "total":"29"}}
{"logTime": "0904/162054", "correlationVector":"wTUTHNEPPuMjVyZNJfK9te.5","action":"ProcessGetUpdates", "result":"Done", "context":{"dataType":"Sessions", "deleted":"131", "process_failed_to_decrypt":"0", "process_pending_decryption":"0", "process_success":"131", "total":"131"}}
{"logTime": "0904/162054", "correlationVector":"wTUTHNEPPuMjVyZNJfK9te.6","action":"ProcessGetUpdates", "result":"Done", "context":{"dataType":"Edge Hub App Usage", "deleted":"2", "process_failed_to_decrypt":"0", "process_pending_decryption":"0", "process_success":"4", "total":"4"}}
{"logTime": "0904/162054", "correlationVector":"wTUTHNEPPuMjVyZNJfK9te.7","action":"GetUpdates Response", "result":"Success", "context":Received 250 update(s). cV=wTUTHNEPPuMjVyZNJfK9te.0;server=akswtt11700000a;cloudType=Consumer;environment=Prod_francecentral_prod-s01-062-eur-francecentral;migrationStage=NotStarted Some updates remain.}
{"logTime": "0904/162054", "correlationVector":"MPKqEMHiAbwC6r7/TqnFye","action":"Initial GetUpdates", "result":"", "context":Reason: NEWLY_SUPPORTED_DATATYPE. cV=MPKqEMHiAbwC6r7/TqnFye}
{"logTime": "0904/162054", "correlationVector":"MPKqEMHiAbwC6r7/TqnFye.1","action":"SyncServerConnectionManagerRequest", "result":"SYNC_SERVER_OK", "context":{"environment":"Prod_francecentral_prod-s01-062-eur-francecentral", "migrationStage":"NotStarted", "server":"akswtt11700005a"}}
{"logTime": "0904/162054", "correlationVector":"MPKqEMHiAbwC6r7/TqnFye.2","action":"ProcessGetUpdates", "result":"Done", "context":{"dataType":"Bookmarks", "deleted":"2", "process_failed_to_decrypt":"0", "process_pending_decryption":"0", "process_success":"4", "total":"4"}}
{"logTime": "0904/162054", "correlationVector":"MPKqEMHiAbwC6r7/TqnFye.3","action":"ProcessGetUpdates", "result":"Done", "context":{"dataType":"Preferences", "deleted":"0", "process_failed_to_decrypt":"0", "process_pending_decryption":"0", "process_success":"1", "total":"1"}}
{"logTime": "0904/162054", "correlationVector":"MPKqEMHiAbwC6r7/TqnFye.4","action":"ProcessGetUpdates", "result":"Done", "context":{"dataType":"Autofill Profiles", "deleted":"0", "process_failed_to_decrypt":"0", "process_pending_decryption":"0", "process_success":"1", "total":"1"}}
{"logTime": "0904/162054", "correlationVector":"MPKqEMHiAbwC6r7/TqnFye.5","action":"ProcessGetUpdates", "result":"Done", "context":{"dataType":"Autofill", "deleted":"0", "process_failed_to_decrypt":"0", "process_pending_decryption":"0", "process_success":"12", "total":"12"}}
{"logTime": "0904/162054", "correlationVector":"MPKqEMHiAbwC6r7/TqnFye.6","action":"ProcessGetUpdates", "result":"Done", "context":{"dataType":"Sessions", "deleted":"228", "process_failed_to_decrypt":"0", "process_pending_decryption":"0", "process_success":"228", "total":"228"}}
{"logTime": "0904/162054", "correlationVector":"MPKqEMHiAbwC6r7/TqnFye.7","action":"ProcessGetUpdates", "result":"Done", "context":{"dataType":"Saved Tab Group", "deleted":"2", "process_failed_to_decrypt":"0", "process_pending_decryption":"0", "process_success":"2", "total":"2"}}
{"logTime": "0904/162054", "correlationVector":"MPKqEMHiAbwC6r7/TqnFye.8","action":"ProcessGetUpdates", "result":"Done", "context":{"dataType":"Edge Hub App Usage", "deleted":"1", "process_failed_to_decrypt":"0", "process_pending_decryption":"0", "process_success":"2", "total":"2"}}
{"logTime": "0904/162054", "correlationVector":"MPKqEMHiAbwC6r7/TqnFye.9","action":"GetUpdates Response", "result":"Success", "context":Received 250 update(s). cV=MPKqEMHiAbwC6r7/TqnFye.0;server=akswtt11700005a;cloudType=Consumer;environment=Prod_francecentral_prod-s01-062-eur-francecentral;migrationStage=NotStarted Some updates remain.}
{"logTime": "0904/162054", "correlationVector":"BFnrbz3JkuDxXAwg/mB5Bq","action":"Initial GetUpdates", "result":"", "context":Reason: NEWLY_SUPPORTED_DATATYPE. cV=BFnrbz3JkuDxXAwg/mB5Bq}
{"logTime": "0904/162054", "correlationVector":"BFnrbz3JkuDxXAwg/mB5Bq.1","action":"SyncServerConnectionManagerRequest", "result":"SYNC_SERVER_OK", "context":{"environment":"Prod_francecentral_prod-s01-062-eur-francecentral", "migrationStage":"NotStarted", "server":"akswtt117000004"}}
{"logTime": "0904/162054", "correlationVector":"BFnrbz3JkuDxXAwg/mB5Bq.2","action":"ProcessGetUpdates", "result":"Done", "context":{"dataType":"Bookmarks", "deleted":"0", "process_failed_to_decrypt":"0", "process_pending_decryption":"0", "process_success":"1", "total":"1"}}
{"logTime": "0904/162054", "correlationVector":"BFnrbz3JkuDxXAwg/mB5Bq.3","action":"ProcessGetUpdates", "result":"Done", "context":{"dataType":"Preferences", "deleted":"0", "process_failed_to_decrypt":"0", "process_pending_decryption":"0", "process_success":"4", "total":"4"}}
{"logTime": "0904/162054", "correlationVector":"BFnrbz3JkuDxXAwg/mB5Bq.4","action":"ProcessGetUpdates", "result":"Done", "context":{"dataType":"Sessions", "deleted":"37", "process_failed_to_decrypt":"0", "process_pending_decryption":"0", "process_success":"41", "total":"41"}}
{"logTime": "0904/162054", "correlationVector":"BFnrbz3JkuDxXAwg/mB5Bq.5","action":"ProcessGetUpdates", "result":"Done", "context":{"dataType":"Edge Hub App Usage", "deleted":"0", "process_failed_to_decrypt":"0", "process_pending_decryption":"0", "process_success":"1", "total":"1"}}
{"logTime": "0904/162054", "correlationVector":"BFnrbz3JkuDxXAwg/mB5Bq.6","action":"GetUpdates Response", "result":"Success", "context":Received 47 update(s). cV=BFnrbz3JkuDxXAwg/mB5Bq.0;server=akswtt117000004;cloudType=Consumer;environment=Prod_francecentral_prod-s01-062-eur-francecentral;migrationStage=NotStarted}
{"logTime": "0904/162054", "correlationVector":"vUPkBClDOLIs+BhenKpb1Q","action":"Initial GetUpdates", "result":"", "context":Reason: NEWLY_SUPPORTED_DATATYPE. cV=vUPkBClDOLIs+BhenKpb1Q}
{"logTime": "0904/162055", "correlationVector":"vUPkBClDOLIs+BhenKpb1Q.1","action":"SyncServerConnectionManagerRequest", "result":"SYNC_SERVER_OK", "context":{"environment":"Prod_francecentral_prod-s01-062-eur-francecentral", "migrationStage":"NotStarted", "server":"akswtt11700000v"}}
{"logTime": "0904/162055", "correlationVector":"vUPkBClDOLIs+BhenKpb1Q.2","action":"ProcessGetUpdates", "result":"Done", "context":{"dataType":"History", "deleted":"0", "process_failed_to_decrypt":"0", "process_pending_decryption":"0", "process_success":"250", "total":"250"}}
{"logTime": "0904/162055", "correlationVector":"vUPkBClDOLIs+BhenKpb1Q.3","action":"GetUpdates Response", "result":"Success", "context":Received 250 update(s). cV=vUPkBClDOLIs+BhenKpb1Q.0;server=akswtt11700000v;cloudType=Consumer;environment=Prod_francecentral_prod-s01-062-eur-francecentral;migrationStage=NotStarted Some updates remain.}
{"logTime": "0904/162055", "correlationVector":"nDxVBo63+OaeTK9aagyAA0","action":"Initial GetUpdates", "result":"", "context":Reason: NEWLY_SUPPORTED_DATATYPE. cV=nDxVBo63+OaeTK9aagyAA0}
{"logTime": "0904/162055", "correlationVector":"nDxVBo63+OaeTK9aagyAA0.1","action":"SyncServerConnectionManagerRequest", "result":"SYNC_SERVER_OK", "context":{"environment":"Prod_francecentral_prod-s01-062-eur-francecentral", "migrationStage":"NotStarted", "server":"akswtt11700000h"}}
{"logTime": "0904/162055", "correlationVector":"nDxVBo63+OaeTK9aagyAA0.2","action":"ProcessGetUpdates", "result":"Done", "context":{"dataType":"History", "deleted":"0", "process_failed_to_decrypt":"0", "process_pending_decryption":"0", "process_success":"250", "total":"250"}}
{"logTime": "0904/162055", "correlationVector":"nDxVBo63+OaeTK9aagyAA0.3","action":"GetUpdates Response", "result":"Success", "context":Received 250 update(s). cV=nDxVBo63+OaeTK9aagyAA0.0;server=akswtt11700000h;cloudType=Consumer;environment=Prod_francecentral_prod-s01-062-eur-francecentral;migrationStage=NotStarted Some updates remain.}
{"logTime": "0904/162055", "correlationVector":"P4to3kVuhOer7HyK7k6K82","action":"Initial GetUpdates", "result":"", "context":Reason: NEWLY_SUPPORTED_DATATYPE. cV=P4to3kVuhOer7HyK7k6K82}
{"logTime": "0904/162055", "correlationVector":"P4to3kVuhOer7HyK7k6K82.1","action":"SyncServerConnectionManagerRequest", "result":"SYNC_SERVER_OK", "context":{"environment":"Prod_francecentral_prod-s01-062-eur-francecentral", "migrationStage":"NotStarted", "server":"akswtt11700005z"}}
{"logTime": "0904/162055", "correlationVector":"P4to3kVuhOer7HyK7k6K82.2","action":"ProcessGetUpdates", "result":"Done", "context":{"dataType":"History", "deleted":"0", "process_failed_to_decrypt":"0", "process_pending_decryption":"0", "process_success":"250", "total":"250"}}
{"logTime": "0904/162055", "correlationVector":"P4to3kVuhOer7HyK7k6K82.3","action":"GetUpdates Response", "result":"Success", "context":Received 250 update(s). cV=P4to3kVuhOer7HyK7k6K82.0;server=akswtt11700005z;cloudType=Consumer;environment=Prod_francecentral_prod-s01-062-eur-francecentral;migrationStage=NotStarted Some updates remain.}
{"logTime": "0904/162055", "correlationVector":"R+9UYb4HlI2GPYMeHiU+VI","action":"Initial GetUpdates", "result":"", "context":Reason: NEWLY_SUPPORTED_DATATYPE. cV=R+9UYb4HlI2GPYMeHiU+VI}
{"logTime": "0904/162056", "correlationVector":"R+9UYb4HlI2GPYMeHiU+VI.1","action":"SyncServerConnectionManagerRequest", "result":"SYNC_SERVER_OK", "context":{"environment":"Prod_francecentral_prod-s01-062-eur-francecentral", "migrationStage":"NotStarted", "server":"akswtt11700000h"}}
{"logTime": "0904/162056", "correlationVector":"R+9UYb4HlI2GPYMeHiU+VI.2","action":"ProcessGetUpdates", "result":"Done", "context":{"dataType":"History", "deleted":"0", "process_failed_to_decrypt":"0", "process_pending_decryption":"0", "process_success":"250", "total":"250"}}
{"logTime": "0904/162056", "correlationVector":"R+9UYb4HlI2GPYMeHiU+VI.3","action":"GetUpdates Response", "result":"Success", "context":Received 250 update(s). cV=R+9UYb4HlI2GPYMeHiU+VI.0;server=akswtt11700000h;cloudType=Consumer;environment=Prod_francecentral_prod-s01-062-eur-francecentral;migrationStage=NotStarted Some updates remain.}
{"logTime": "0904/162056", "correlationVector":"HEr6ptMJ5SZmoNAZJvVrMD","action":"Initial GetUpdates", "result":"", "context":Reason: NEWLY_SUPPORTED_DATATYPE. cV=HEr6ptMJ5SZmoNAZJvVrMD}
{"logTime": "0904/162056", "correlationVector":"HEr6ptMJ5SZmoNAZJvVrMD.1","action":"SyncServerConnectionManagerRequest", "result":"SYNC_SERVER_OK", "context":{"environment":"Prod_francecentral_prod-s01-062-eur-francecentral", "migrationStage":"NotStarted", "server":"akswtt11700005z"}}
{"logTime": "0904/162056", "correlationVector":"HEr6ptMJ5SZmoNAZJvVrMD.2","action":"ProcessGetUpdates", "result":"Done", "context":{"dataType":"History", "deleted":"0", "process_failed_to_decrypt":"0", "process_pending_decryption":"0", "process_success":"250", "total":"250"}}
{"logTime": "0904/162056", "correlationVector":"HEr6ptMJ5SZmoNAZJvVrMD.3","action":"GetUpdates Response", "result":"Success", "context":Received 250 update(s). cV=HEr6ptMJ5SZmoNAZJvVrMD.0;server=akswtt11700005z;cloudType=Consumer;environment=Prod_francecentral_prod-s01-062-eur-francecentral;migrationStage=NotStarted Some updates remain.}
{"logTime": "0904/162056", "correlationVector":"R1gsD+8yqzn4QPOGomzFJR","action":"Initial GetUpdates", "result":"", "context":Reason: NEWLY_SUPPORTED_DATATYPE. cV=R1gsD+8yqzn4QPOGomzFJR}
{"logTime": "0904/162056", "correlationVector":"R1gsD+8yqzn4QPOGomzFJR.1","action":"SyncServerConnectionManagerRequest", "result":"SYNC_SERVER_OK", "context":{"environment":"Prod_francecentral_prod-s01-062-eur-francecentral", "migrationStage":"NotStarted", "server":"akswtt11700000h"}}
{"logTime": "0904/162056", "correlationVector":"R1gsD+8yqzn4QPOGomzFJR.2","action":"ProcessGetUpdates", "result":"Done", "context":{"dataType":"History", "deleted":"0", "process_failed_to_decrypt":"0", "process_pending_decryption":"0", "process_success":"250", "total":"250"}}
{"logTime": "0904/162056", "correlationVector":"R1gsD+8yqzn4QPOGomzFJR.3","action":"GetUpdates Response", "result":"Success", "context":Received 250 update(s). cV=R1gsD+8yqzn4QPOGomzFJR.0;server=akswtt11700000h;cloudType=Consumer;environment=Prod_francecentral_prod-s01-062-eur-francecentral;migrationStage=NotStarted Some updates remain.}
{"logTime": "0904/162056", "correlationVector":"cfkj44QZM1PrdBv2RFCAmN","action":"Initial GetUpdates", "result":"", "context":Reason: NEWLY_SUPPORTED_DATATYPE. cV=cfkj44QZM1PrdBv2RFCAmN}
{"logTime": "0904/162056", "correlationVector":"cfkj44QZM1PrdBv2RFCAmN.1","action":"SyncServerConnectionManagerRequest", "result":"SYNC_SERVER_OK", "context":{"environment":"Prod_francecentral_prod-s01-062-eur-francecentral", "migrationStage":"NotStarted", "server":"akswtt11700005s"}}
{"logTime": "0904/162057", "correlationVector":"cfkj44QZM1PrdBv2RFCAmN.2","action":"ProcessGetUpdates", "result":"Done", "context":{"dataType":"History", "deleted":"0", "process_failed_to_decrypt":"0", "process_pending_decryption":"0", "process_success":"234", "total":"234"}}
{"logTime": "0904/162057", "correlationVector":"cfkj44QZM1PrdBv2RFCAmN.3","action":"GetUpdates Response", "result":"Success", "context":Received 234 update(s). cV=cfkj44QZM1PrdBv2RFCAmN.0;server=akswtt11700005s;cloudType=Consumer;environment=Prod_francecentral_prod-s01-062-eur-francecentral;migrationStage=NotStarted}
{"logTime": "0904/162057", "correlationVector":"c3vsaSGVfHQw/ZrKN42ehV","action":"Normal GetUpdate request", "result":"", "context":cV=c3vsaSGVfHQw/ZrKN42ehV
Nudged types: Sessions, Device Info, User Consents, History, Edge Hub App Usage
Refresh requested types: Bookmarks, Preferences, Passwords, Autofill Profiles, Autofill, Extensions, Sessions, Extension settings, History Delete Directives, Device Info, User Consents, Send Tab To Self, Web Apps, History, Saved Tab Group, WebAuthn Credentials, Edge Hub App Usage, Edge Workspace, Encryption Keys}
{"logTime": "0904/162057", "correlationVector":"c3vsaSGVfHQw/ZrKN42ehV.1","action":"SyncServerConnectionManagerRequest", "result":"SYNC_SERVER_OK", "context":{"environment":"Prod_francecentral_prod-s01-062-eur-francecentral", "migrationStage":"NotStarted", "server":"akswtt117000009"}}
{"logTime": "0904/162057", "correlationVector":"c3vsaSGVfHQw/ZrKN42ehV.2","action":"GetUpdates Response", "result":"Success", "context":Received 0 update(s). cV=c3vsaSGVfHQw/ZrKN42ehV.0;server=akswtt117000009;cloudType=Consumer;environment=Prod_francecentral_prod-s01-062-eur-francecentral;migrationStage=NotStarted}
{"logTime": "0904/162057", "correlationVector":"OxfEIoR3twAfFg6uwRAwx5","action":"Commit Request", "result":"", "context":Item count: 8
Contributing types: Sessions, Device Info, User Consents, History, Edge Hub App Usage}
{"logTime": "0904/162057", "correlationVector":"OxfEIoR3twAfFg6uwRAwx5.1","action":"SyncServerConnectionManagerRequest", "result":"SYNC_SERVER_OK", "context":{"environment":"Prod_francecentral_prod-s01-062-eur-francecentral", "migrationStage":"NotStarted", "server":"akswtt11700005s"}}
{"logTime": "0904/162057", "correlationVector":"OxfEIoR3twAfFg6uwRAwx5.2","action":"Commit Response", "result":"Success", "context":Result: Success. cV=OxfEIoR3twAfFg6uwRAwx5.0;server=akswtt11700005s;cloudType=Consumer;environment=Prod_francecentral_prod-s01-062-eur-francecentral;migrationStage=NotStarted}
{"logTime": "0904/162057", "correlationVector":"E15cVd9wPFT3s2xIGMQWnQ","action":"Commit Request", "result":"", "context":Item count: 1
Contributing types: Sessions}
{"logTime": "0904/162058", "correlationVector":"E15cVd9wPFT3s2xIGMQWnQ.1","action":"SyncServerConnectionManagerRequest", "result":"SYNC_SERVER_OK", "context":{"environment":"Prod_francecentral_prod-s01-062-eur-francecentral", "migrationStage":"NotStarted", "server":"akswtt11700005s"}}
{"logTime": "0904/162058", "correlationVector":"E15cVd9wPFT3s2xIGMQWnQ.2","action":"Commit Response", "result":"Success", "context":Result: Success. cV=E15cVd9wPFT3s2xIGMQWnQ.0;server=akswtt11700005s;cloudType=Consumer;environment=Prod_francecentral_prod-s01-062-eur-francecentral;migrationStage=NotStarted}
