{"logTime": "0904/164245", "correlationVector":"1ywac6SQ2bM+HbvI+787to.1","action":"SyncServerConnectionManagerRequest", "result":"SYNC_SERVER_OK", "context":{"environment":"Prod_francecentral_prod-s01-062-eur-francecentral", "migrationStage":"NotStarted", "server":"akswtt117000010"}}
{"logTime": "0904/164245", "correlationVector":"1ywac6SQ2bM+HbvI+787to.2","action":"ProcessGetUpdates", "result":"Done", "context":{"dataType":"Encryption Keys", "deleted":"0", "process_failed_to_decrypt":"0", "process_pending_decryption":"0", "process_success":"1", "total":"1"}}
{"logTime": "0904/164245", "correlationVector":"Sm7wpC7QaY0G43jDlrzDdj","action":"SyncServerConnectionManagerRequest", "result":"SYNC_SERVER_OK", "context":{"environment":"", "migrationStage":"", "server":""}}
{"logTime": "0904/164245", "correlationVector":"Sm7wpC7QaY0G43jDlrzDdj.0","action":"EncryptionKeysFetcher.DownloadKeys:", "result":"Success", "context":Key count: 10, Last key timestamp: 2026-07-16T10:57:56Z}
{"logTime": "0904/164245", "correlationVector":"Sm7wpC7QaY0G43jDlrzDdj.1","action":"EncryptionKeysManager::SetEncryptionKeys:", "result":"Success", "context":Key names[10]:[cmHt8R6wPIZTKxnFaEPxnFMhAndxosArDvbMtja802u7m5q0usrnwlhT44Eono64i1XyeKxJIjAtT7Mibcgh5A==][eMbm7eoCd3cWXu1yaXIbasWE6iqafiemL1UAZfh68vvr5OuYhjuslr03kEG2OUtJkeCqkW5Vborp9YCJ90gSxg==][gcOG4Of8QVQikxnTxDPE+li48bSlq5XTqxwbksiS0DadqHZrWKuREnhRv91ZfKf0f6oVOf24UtnFhi6wLiE7mw==][ZoABeXLvKUlYG0dmDrpsavKtUV0zkNSc5HYzN+N8knyVkkE09aR/umLNAVTNux5KCCSv6anomGSJDXAzKKx8Ng==][K8oh7ff6PPhzT6lbogPKkRsrVyORtP4A8TDSIwd+0YYiMjWlfA5MbaTNxaHUD0yg1cBqgSz/DFjnUFKUnqZksA==][s1B0ieeqTJt8JX9z+fR2fQwH2hmdN4a/8G5tgDJR45lMwJxRa6X9jO76hYkQWocPtjIE31dpiro7rmEc7YHo2A==][mN+L1tt95gvPtphRRHrYRcL52kIk7+TfC1S4iHWEaT+Coc8+Cv446Fb4LqGPN1iXndcGF19VsOB64/L2sAr47Q==][xt/MXgftbv2BG7NJlaWis9Y+h63UTCykHabL8LMDcoulFy7OwAjpSJ3MQxZ1TbVeHCh/4nqDons0r2AARA7N2Q==][wJ5IVlBPu1hkfS+u49zutLEXCYLoTwgXIF/7Us8I5ZjZOX6PXoDC44NSUTzu93U86Xji8nWuphZNGWCWGMIHvQ==][eKV8aAzNEIp3CnFXEQlKdqklZNIT9m2fVIC3Q4GVavuFCyEnQ6l4AqchESscKTOQhQMr7umYKXloy+7PhelD7g==]}
{"logTime": "0904/164245", "correlationVector":"Sm7wpC7QaY0G43jDlrzDdj.2","action":"EncryptionKeysManager::SetEncryptionKeysWithTimestamps:", "result":"Success", "context":Key timestamps[10]:[2021-09-01T19:33:06Z][2022-03-01T20:32:35Z][2022-09-29T16:12:18Z][2023-04-03T18:09:01Z][2023-10-05T15:24:16Z][2024-04-04T17:25:54Z][2024-10-03T15:12:20Z][2025-07-16T21:14:09Z][2026-01-14T19:13:18Z][2026-07-16T10:57:56Z]}
{"logTime": "0904/164245", "correlationVector":"1ywac6SQ2bM+HbvI+787to","action":"Initial GetUpdates", "result":"", "context":Reason: NEW_CLIENT. cV=1ywac6SQ2bM+HbvI+787to}
{"logTime": "0904/164245", "correlationVector":"1ywac6SQ2bM+HbvI+787to.3","action":"GetUpdates Response", "result":"Success", "context":Received 1 update(s). cV=1ywac6SQ2bM+HbvI+787to.0;server=akswtt117000010;cloudType=Consumer;environment=Prod_francecentral_prod-s01-062-eur-francecentral;migrationStage=NotStarted}
{"logTime": "0904/164245", "correlationVector":"f7CwmanYm2u38SKGrc/Fwy","action":"Initial GetUpdates", "result":"", "context":Reason: NEWLY_SUPPORTED_DATATYPE. cV=f7CwmanYm2u38SKGrc/Fwy}
{"logTime": "0904/164245", "correlationVector":"f7CwmanYm2u38SKGrc/Fwy.1","action":"SyncServerConnectionManagerRequest", "result":"SYNC_SERVER_OK", "context":{"environment":"Prod_francecentral_prod-s01-062-eur-francecentral", "migrationStage":"NotStarted", "server":"akswtt11700000c"}}
{"logTime": "0904/164245", "correlationVector":"f7CwmanYm2u38SKGrc/Fwy.2","action":"ProcessGetUpdates", "result":"Done", "context":{"dataType":"Passwords", "deleted":"0", "process_failed_to_decrypt":"0", "process_pending_decryption":"0", "process_success":"15", "total":"15"}}
{"logTime": "0904/164245", "correlationVector":"f7CwmanYm2u38SKGrc/Fwy.3","action":"ProcessGetUpdates", "result":"Done", "context":{"dataType":"Device Info", "deleted":"0", "process_failed_to_decrypt":"0", "process_pending_decryption":"0", "process_success":"21", "total":"21"}}
{"logTime": "0904/164245", "correlationVector":"f7CwmanYm2u38SKGrc/Fwy.4","action":"GetUpdates Response", "result":"Success", "context":Received 36 update(s). cV=f7CwmanYm2u38SKGrc/Fwy.0;server=akswtt11700000c;cloudType=Consumer;environment=Prod_francecentral_prod-s01-062-eur-francecentral;migrationStage=NotStarted}
{"logTime": "0904/164245", "correlationVector":"l3tA8JXBLfdrJu+F2uMdk8","action":"Initial GetUpdates", "result":"", "context":Reason: NEWLY_SUPPORTED_DATATYPE. cV=l3tA8JXBLfdrJu+F2uMdk8}
{"logTime": "0904/164246", "correlationVector":"l3tA8JXBLfdrJu+F2uMdk8.1","action":"SyncServerConnectionManagerRequest", "result":"SYNC_SERVER_OK", "context":{"environment":"Prod_francecentral_prod-s01-062-eur-francecentral", "migrationStage":"NotStarted", "server":"akswtt11700000v"}}
{"logTime": "0904/164246", "correlationVector":"l3tA8JXBLfdrJu+F2uMdk8.2","action":"ProcessGetUpdates", "result":"Done", "context":{"dataType":"Bookmarks", "deleted":"0", "process_failed_to_decrypt":"0", "process_pending_decryption":"0", "process_success":"11", "total":"11"}}
{"logTime": "0904/164246", "correlationVector":"l3tA8JXBLfdrJu+F2uMdk8.3","action":"ProcessGetUpdates", "result":"Done", "context":{"dataType":"Preferences", "deleted":"0", "process_failed_to_decrypt":"0", "process_pending_decryption":"0", "process_success":"75", "total":"75"}}
{"logTime": "0904/164246", "correlationVector":"l3tA8JXBLfdrJu+F2uMdk8.4","action":"ProcessGetUpdates", "result":"Done", "context":{"dataType":"Autofill", "deleted":"0", "process_failed_to_decrypt":"0", "process_pending_decryption":"0", "process_success":"29", "total":"29"}}
{"logTime": "0904/164246", "correlationVector":"l3tA8JXBLfdrJu+F2uMdk8.5","action":"ProcessGetUpdates", "result":"Done", "context":{"dataType":"Sessions", "deleted":"131", "process_failed_to_decrypt":"0", "process_pending_decryption":"0", "process_success":"131", "total":"131"}}
{"logTime": "0904/164246", "correlationVector":"l3tA8JXBLfdrJu+F2uMdk8.6","action":"ProcessGetUpdates", "result":"Done", "context":{"dataType":"Edge Hub App Usage", "deleted":"2", "process_failed_to_decrypt":"0", "process_pending_decryption":"0", "process_success":"4", "total":"4"}}
{"logTime": "0904/164246", "correlationVector":"l3tA8JXBLfdrJu+F2uMdk8.7","action":"GetUpdates Response", "result":"Success", "context":Received 250 update(s). cV=l3tA8JXBLfdrJu+F2uMdk8.0;server=akswtt11700000v;cloudType=Consumer;environment=Prod_francecentral_prod-s01-062-eur-francecentral;migrationStage=NotStarted Some updates remain.}
{"logTime": "0904/164246", "correlationVector":"qXBGTAdbfOrJZR1HmCU1kO","action":"Initial GetUpdates", "result":"", "context":Reason: NEWLY_SUPPORTED_DATATYPE. cV=qXBGTAdbfOrJZR1HmCU1kO}
{"logTime": "0904/164246", "correlationVector":"qXBGTAdbfOrJZR1HmCU1kO.1","action":"SyncServerConnectionManagerRequest", "result":"SYNC_SERVER_OK", "context":{"environment":"Prod_francecentral_prod-s01-062-eur-francecentral", "migrationStage":"NotStarted", "server":"akswtt117000010"}}
{"logTime": "0904/164246", "correlationVector":"qXBGTAdbfOrJZR1HmCU1kO.2","action":"ProcessGetUpdates", "result":"Done", "context":{"dataType":"Bookmarks", "deleted":"2", "process_failed_to_decrypt":"0", "process_pending_decryption":"0", "process_success":"4", "total":"4"}}
{"logTime": "0904/164246", "correlationVector":"qXBGTAdbfOrJZR1HmCU1kO.3","action":"ProcessGetUpdates", "result":"Done", "context":{"dataType":"Preferences", "deleted":"0", "process_failed_to_decrypt":"0", "process_pending_decryption":"0", "process_success":"1", "total":"1"}}
{"logTime": "0904/164246", "correlationVector":"qXBGTAdbfOrJZR1HmCU1kO.4","action":"ProcessGetUpdates", "result":"Done", "context":{"dataType":"Autofill Profiles", "deleted":"0", "process_failed_to_decrypt":"0", "process_pending_decryption":"0", "process_success":"1", "total":"1"}}
{"logTime": "0904/164246", "correlationVector":"qXBGTAdbfOrJZR1HmCU1kO.5","action":"ProcessGetUpdates", "result":"Done", "context":{"dataType":"Autofill", "deleted":"0", "process_failed_to_decrypt":"0", "process_pending_decryption":"0", "process_success":"12", "total":"12"}}
{"logTime": "0904/164246", "correlationVector":"qXBGTAdbfOrJZR1HmCU1kO.6","action":"ProcessGetUpdates", "result":"Done", "context":{"dataType":"Sessions", "deleted":"228", "process_failed_to_decrypt":"0", "process_pending_decryption":"0", "process_success":"228", "total":"228"}}
{"logTime": "0904/164246", "correlationVector":"qXBGTAdbfOrJZR1HmCU1kO.7","action":"ProcessGetUpdates", "result":"Done", "context":{"dataType":"Saved Tab Group", "deleted":"2", "process_failed_to_decrypt":"0", "process_pending_decryption":"0", "process_success":"2", "total":"2"}}
{"logTime": "0904/164246", "correlationVector":"qXBGTAdbfOrJZR1HmCU1kO.8","action":"ProcessGetUpdates", "result":"Done", "context":{"dataType":"Edge Hub App Usage", "deleted":"1", "process_failed_to_decrypt":"0", "process_pending_decryption":"0", "process_success":"2", "total":"2"}}
{"logTime": "0904/164246", "correlationVector":"qXBGTAdbfOrJZR1HmCU1kO.9","action":"GetUpdates Response", "result":"Success", "context":Received 250 update(s). cV=qXBGTAdbfOrJZR1HmCU1kO.0;server=akswtt117000010;cloudType=Consumer;environment=Prod_francecentral_prod-s01-062-eur-francecentral;migrationStage=NotStarted Some updates remain.}
{"logTime": "0904/164246", "correlationVector":"tUhDcGZqM00jGDT92nG0pm","action":"Initial GetUpdates", "result":"", "context":Reason: NEWLY_SUPPORTED_DATATYPE. cV=tUhDcGZqM00jGDT92nG0pm}
{"logTime": "0904/164246", "correlationVector":"tUhDcGZqM00jGDT92nG0pm.1","action":"SyncServerConnectionManagerRequest", "result":"SYNC_SERVER_OK", "context":{"environment":"Prod_francecentral_prod-s01-062-eur-francecentral", "migrationStage":"NotStarted", "server":"akswtt11700000v"}}
{"logTime": "0904/164246", "correlationVector":"tUhDcGZqM00jGDT92nG0pm.2","action":"ProcessGetUpdates", "result":"Done", "context":{"dataType":"Bookmarks", "deleted":"0", "process_failed_to_decrypt":"0", "process_pending_decryption":"0", "process_success":"1", "total":"1"}}
{"logTime": "0904/164246", "correlationVector":"tUhDcGZqM00jGDT92nG0pm.3","action":"ProcessGetUpdates", "result":"Done", "context":{"dataType":"Preferences", "deleted":"0", "process_failed_to_decrypt":"0", "process_pending_decryption":"0", "process_success":"4", "total":"4"}}
{"logTime": "0904/164246", "correlationVector":"tUhDcGZqM00jGDT92nG0pm.4","action":"ProcessGetUpdates", "result":"Done", "context":{"dataType":"Sessions", "deleted":"38", "process_failed_to_decrypt":"0", "process_pending_decryption":"0", "process_success":"50", "total":"50"}}
{"logTime": "0904/164246", "correlationVector":"tUhDcGZqM00jGDT92nG0pm.5","action":"ProcessGetUpdates", "result":"Done", "context":{"dataType":"Edge Hub App Usage", "deleted":"0", "process_failed_to_decrypt":"0", "process_pending_decryption":"0", "process_success":"5", "total":"5"}}
{"logTime": "0904/164246", "correlationVector":"tUhDcGZqM00jGDT92nG0pm.6","action":"GetUpdates Response", "result":"Success", "context":Received 60 update(s). cV=tUhDcGZqM00jGDT92nG0pm.0;server=akswtt11700000v;cloudType=Consumer;environment=Prod_francecentral_prod-s01-062-eur-francecentral;migrationStage=NotStarted}
{"logTime": "0904/164246", "correlationVector":"52XDco6eLLlKM1LtDRnqR+","action":"Initial GetUpdates", "result":"", "context":Reason: NEWLY_SUPPORTED_DATATYPE. cV=52XDco6eLLlKM1LtDRnqR+}
{"logTime": "0904/164246", "correlationVector":"52XDco6eLLlKM1LtDRnqR+.1","action":"SyncServerConnectionManagerRequest", "result":"SYNC_SERVER_OK", "context":{"environment":"Prod_francecentral_prod-s01-062-eur-francecentral", "migrationStage":"NotStarted", "server":"akswtt11700000f"}}
{"logTime": "0904/164246", "correlationVector":"52XDco6eLLlKM1LtDRnqR+.2","action":"ProcessGetUpdates", "result":"Done", "context":{"dataType":"History", "deleted":"0", "process_failed_to_decrypt":"0", "process_pending_decryption":"0", "process_success":"250", "total":"250"}}
{"logTime": "0904/164246", "correlationVector":"52XDco6eLLlKM1LtDRnqR+.3","action":"GetUpdates Response", "result":"Success", "context":Received 250 update(s). cV=52XDco6eLLlKM1LtDRnqR+.0;server=akswtt11700000f;cloudType=Consumer;environment=Prod_francecentral_prod-s01-062-eur-francecentral;migrationStage=NotStarted Some updates remain.}
{"logTime": "0904/164246", "correlationVector":"ug3NRxpmBEFd5pSiWWoPlp","action":"Initial GetUpdates", "result":"", "context":Reason: NEWLY_SUPPORTED_DATATYPE. cV=ug3NRxpmBEFd5pSiWWoPlp}
{"logTime": "0904/164247", "correlationVector":"ug3NRxpmBEFd5pSiWWoPlp.1","action":"SyncServerConnectionManagerRequest", "result":"SYNC_SERVER_OK", "context":{"environment":"Prod_francecentral_prod-s01-062-eur-francecentral", "migrationStage":"NotStarted", "server":"akswtt117000002"}}
{"logTime": "0904/164247", "correlationVector":"ug3NRxpmBEFd5pSiWWoPlp.2","action":"ProcessGetUpdates", "result":"Done", "context":{"dataType":"History", "deleted":"0", "process_failed_to_decrypt":"0", "process_pending_decryption":"0", "process_success":"250", "total":"250"}}
{"logTime": "0904/164247", "correlationVector":"ug3NRxpmBEFd5pSiWWoPlp.3","action":"GetUpdates Response", "result":"Success", "context":Received 250 update(s). cV=ug3NRxpmBEFd5pSiWWoPlp.0;server=akswtt117000002;cloudType=Consumer;environment=Prod_francecentral_prod-s01-062-eur-francecentral;migrationStage=NotStarted Some updates remain.}
{"logTime": "0904/164247", "correlationVector":"GvaBrbMm/r/Bx8llNMvTb1","action":"Initial GetUpdates", "result":"", "context":Reason: NEWLY_SUPPORTED_DATATYPE. cV=GvaBrbMm/r/Bx8llNMvTb1}
{"logTime": "0904/164247", "correlationVector":"GvaBrbMm/r/Bx8llNMvTb1.1","action":"SyncServerConnectionManagerRequest", "result":"SYNC_SERVER_OK", "context":{"environment":"Prod_francecentral_prod-s01-062-eur-francecentral", "migrationStage":"NotStarted", "server":"akswtt11700005c"}}
{"logTime": "0904/164247", "correlationVector":"GvaBrbMm/r/Bx8llNMvTb1.2","action":"ProcessGetUpdates", "result":"Done", "context":{"dataType":"History", "deleted":"0", "process_failed_to_decrypt":"0", "process_pending_decryption":"0", "process_success":"250", "total":"250"}}
{"logTime": "0904/164247", "correlationVector":"GvaBrbMm/r/Bx8llNMvTb1.3","action":"GetUpdates Response", "result":"Success", "context":Received 250 update(s). cV=GvaBrbMm/r/Bx8llNMvTb1.0;server=akswtt11700005c;cloudType=Consumer;environment=Prod_francecentral_prod-s01-062-eur-francecentral;migrationStage=NotStarted Some updates remain.}
{"logTime": "0904/164247", "correlationVector":"+TxJLfmvHx0EMKUNTH5uS5","action":"Initial GetUpdates", "result":"", "context":Reason: NEWLY_SUPPORTED_DATATYPE. cV=+TxJLfmvHx0EMKUNTH5uS5}
