{"logTime": "0904/162302", "correlationVector":"rasxiG5T+AruwgI0QUQOFj.1","action":"SyncServerConnectionManagerRequest", "result":"SYNC_SERVER_OK", "context":{"environment":"Prod_westeurope_prod-s01-080-eur-westeurope", "migrationStage":"NotStarted", "server":"akswtt004000001"}}
{"logTime": "0904/162302", "correlationVector":"rasxiG5T+AruwgI0QUQOFj.2","action":"ProcessGetUpdates", "result":"Done", "context":{"dataType":"Encryption Keys", "deleted":"0", "process_failed_to_decrypt":"0", "process_pending_decryption":"0", "process_success":"1", "total":"1"}}
{"logTime": "0904/162303", "correlationVector":"qVWyJ1zZWvlJ/bdsp3ukvS","action":"SyncServerConnectionManagerRequest", "result":"SYNC_SERVER_OK", "context":{"environment":"", "migrationStage":"", "server":""}}
{"logTime": "0904/162303", "correlationVector":"qVWyJ1zZWvlJ/bdsp3ukvS.0","action":"EncryptionKeysFetcher.DownloadKeys:", "result":"Success", "context":Key count: 10, Last key timestamp: 2026-07-16T10:57:56Z}
{"logTime": "0904/162303", "correlationVector":"qVWyJ1zZWvlJ/bdsp3ukvS.1","action":"EncryptionKeysManager::SetEncryptionKeys:", "result":"Success", "context":Key names[10]:[cmHt8R6wPIZTKxnFaEPxnFMhAndxosArDvbMtja802u7m5q0usrnwlhT44Eono64i1XyeKxJIjAtT7Mibcgh5A==][eMbm7eoCd3cWXu1yaXIbasWE6iqafiemL1UAZfh68vvr5OuYhjuslr03kEG2OUtJkeCqkW5Vborp9YCJ90gSxg==][gcOG4Of8QVQikxnTxDPE+li48bSlq5XTqxwbksiS0DadqHZrWKuREnhRv91ZfKf0f6oVOf24UtnFhi6wLiE7mw==][ZoABeXLvKUlYG0dmDrpsavKtUV0zkNSc5HYzN+N8knyVkkE09aR/umLNAVTNux5KCCSv6anomGSJDXAzKKx8Ng==][K8oh7ff6PPhzT6lbogPKkRsrVyORtP4A8TDSIwd+0YYiMjWlfA5MbaTNxaHUD0yg1cBqgSz/DFjnUFKUnqZksA==][s1B0ieeqTJt8JX9z+fR2fQwH2hmdN4a/8G5tgDJR45lMwJxRa6X9jO76hYkQWocPtjIE31dpiro7rmEc7YHo2A==][mN+L1tt95gvPtphRRHrYRcL52kIk7+TfC1S4iHWEaT+Coc8+Cv446Fb4LqGPN1iXndcGF19VsOB64/L2sAr47Q==][xt/MXgftbv2BG7NJlaWis9Y+h63UTCykHabL8LMDcoulFy7OwAjpSJ3MQxZ1TbVeHCh/4nqDons0r2AARA7N2Q==][wJ5IVlBPu1hkfS+u49zutLEXCYLoTwgXIF/7Us8I5ZjZOX6PXoDC44NSUTzu93U86Xji8nWuphZNGWCWGMIHvQ==][eKV8aAzNEIp3CnFXEQlKdqklZNIT9m2fVIC3Q4GVavuFCyEnQ6l4AqchESscKTOQhQMr7umYKXloy+7PhelD7g==]}
{"logTime": "0904/162303", "correlationVector":"qVWyJ1zZWvlJ/bdsp3ukvS.2","action":"EncryptionKeysManager::SetEncryptionKeysWithTimestamps:", "result":"Success", "context":Key timestamps[10]:[2021-09-01T19:33:06Z][2022-03-01T20:32:35Z][2022-09-29T16:12:18Z][2023-04-03T18:09:01Z][2023-10-05T15:24:16Z][2024-04-04T17:25:54Z][2024-10-03T15:12:20Z][2025-07-16T21:14:09Z][2026-01-14T19:13:18Z][2026-07-16T10:57:56Z]}
{"logTime": "0904/162303", "correlationVector":"rasxiG5T+AruwgI0QUQOFj","action":"Initial GetUpdates", "result":"", "context":Reason: NEW_CLIENT. cV=rasxiG5T+AruwgI0QUQOFj}
{"logTime": "0904/162303", "correlationVector":"rasxiG5T+AruwgI0QUQOFj.3","action":"GetUpdates Response", "result":"Success", "context":Received 1 update(s). cV=rasxiG5T+AruwgI0QUQOFj.0;server=akswtt004000001;cloudType=Consumer;environment=Prod_westeurope_prod-s01-080-eur-westeurope;migrationStage=NotStarted}
{"logTime": "0904/162303", "correlationVector":"UW2jt+SbQvpLlkVrC1PtAu","action":"Initial GetUpdates", "result":"", "context":Reason: NEWLY_SUPPORTED_DATATYPE. cV=UW2jt+SbQvpLlkVrC1PtAu}
{"logTime": "0904/162303", "correlationVector":"UW2jt+SbQvpLlkVrC1PtAu.1","action":"SyncServerConnectionManagerRequest", "result":"SYNC_SERVER_OK", "context":{"environment":"Prod_westeurope_prod-s01-080-eur-westeurope", "migrationStage":"NotStarted", "server":"akswtt00400002p"}}
{"logTime": "0904/162303", "correlationVector":"UW2jt+SbQvpLlkVrC1PtAu.2","action":"ProcessGetUpdates", "result":"Done", "context":{"dataType":"Passwords", "deleted":"0", "process_failed_to_decrypt":"0", "process_pending_decryption":"0", "process_success":"15", "total":"15"}}
{"logTime": "0904/162303", "correlationVector":"UW2jt+SbQvpLlkVrC1PtAu.3","action":"ProcessGetUpdates", "result":"Done", "context":{"dataType":"Device Info", "deleted":"0", "process_failed_to_decrypt":"0", "process_pending_decryption":"0", "process_success":"20", "total":"20"}}
{"logTime": "0904/162303", "correlationVector":"UW2jt+SbQvpLlkVrC1PtAu.4","action":"GetUpdates Response", "result":"Success", "context":Received 35 update(s). cV=UW2jt+SbQvpLlkVrC1PtAu.0;server=akswtt00400002p;cloudType=Consumer;environment=Prod_westeurope_prod-s01-080-eur-westeurope;migrationStage=NotStarted}
{"logTime": "0904/162303", "correlationVector":"f+zo/pYD8qQvkl/7T36Ysu","action":"Initial GetUpdates", "result":"", "context":Reason: NEWLY_SUPPORTED_DATATYPE. cV=f+zo/pYD8qQvkl/7T36Ysu}
{"logTime": "0904/162303", "correlationVector":"f+zo/pYD8qQvkl/7T36Ysu.1","action":"SyncServerConnectionManagerRequest", "result":"SYNC_SERVER_OK", "context":{"environment":"Prod_westeurope_prod-s01-080-eur-westeurope", "migrationStage":"NotStarted", "server":"akswtt004000001"}}
{"logTime": "0904/162303", "correlationVector":"f+zo/pYD8qQvkl/7T36Ysu.2","action":"ProcessGetUpdates", "result":"Done", "context":{"dataType":"Bookmarks", "deleted":"0", "process_failed_to_decrypt":"0", "process_pending_decryption":"0", "process_success":"11", "total":"11"}}
{"logTime": "0904/162303", "correlationVector":"f+zo/pYD8qQvkl/7T36Ysu.3","action":"ProcessGetUpdates", "result":"Done", "context":{"dataType":"Preferences", "deleted":"0", "process_failed_to_decrypt":"0", "process_pending_decryption":"0", "process_success":"75", "total":"75"}}
{"logTime": "0904/162303", "correlationVector":"f+zo/pYD8qQvkl/7T36Ysu.4","action":"ProcessGetUpdates", "result":"Done", "context":{"dataType":"Autofill", "deleted":"0", "process_failed_to_decrypt":"0", "process_pending_decryption":"0", "process_success":"29", "total":"29"}}
{"logTime": "0904/162303", "correlationVector":"f+zo/pYD8qQvkl/7T36Ysu.5","action":"ProcessGetUpdates", "result":"Done", "context":{"dataType":"Sessions", "deleted":"131", "process_failed_to_decrypt":"0", "process_pending_decryption":"0", "process_success":"131", "total":"131"}}
{"logTime": "0904/162303", "correlationVector":"f+zo/pYD8qQvkl/7T36Ysu.6","action":"ProcessGetUpdates", "result":"Done", "context":{"dataType":"Edge Hub App Usage", "deleted":"2", "process_failed_to_decrypt":"0", "process_pending_decryption":"0", "process_success":"4", "total":"4"}}
{"logTime": "0904/162303", "correlationVector":"f+zo/pYD8qQvkl/7T36Ysu.7","action":"GetUpdates Response", "result":"Success", "context":Received 250 update(s). cV=f+zo/pYD8qQvkl/7T36Ysu.0;server=akswtt004000001;cloudType=Consumer;environment=Prod_westeurope_prod-s01-080-eur-westeurope;migrationStage=NotStarted Some updates remain.}
{"logTime": "0904/162303", "correlationVector":"zugjKAU23Yy7PS/Shdztmc","action":"Initial GetUpdates", "result":"", "context":Reason: NEWLY_SUPPORTED_DATATYPE. cV=zugjKAU23Yy7PS/Shdztmc}
{"logTime": "0904/162304", "correlationVector":"zugjKAU23Yy7PS/Shdztmc.1","action":"SyncServerConnectionManagerRequest", "result":"SYNC_SERVER_OK", "context":{"environment":"Prod_francecentral_prod-s01-062-eur-francecentral", "migrationStage":"NotStarted", "server":"akswtt11700005a"}}
{"logTime": "0904/162304", "correlationVector":"zugjKAU23Yy7PS/Shdztmc.2","action":"ProcessGetUpdates", "result":"Done", "context":{"dataType":"Bookmarks", "deleted":"2", "process_failed_to_decrypt":"0", "process_pending_decryption":"0", "process_success":"4", "total":"4"}}
{"logTime": "0904/162304", "correlationVector":"zugjKAU23Yy7PS/Shdztmc.3","action":"ProcessGetUpdates", "result":"Done", "context":{"dataType":"Preferences", "deleted":"0", "process_failed_to_decrypt":"0", "process_pending_decryption":"0", "process_success":"1", "total":"1"}}
{"logTime": "0904/162304", "correlationVector":"zugjKAU23Yy7PS/Shdztmc.4","action":"ProcessGetUpdates", "result":"Done", "context":{"dataType":"Autofill Profiles", "deleted":"0", "process_failed_to_decrypt":"0", "process_pending_decryption":"0", "process_success":"1", "total":"1"}}
{"logTime": "0904/162304", "correlationVector":"zugjKAU23Yy7PS/Shdztmc.5","action":"ProcessGetUpdates", "result":"Done", "context":{"dataType":"Autofill", "deleted":"0", "process_failed_to_decrypt":"0", "process_pending_decryption":"0", "process_success":"12", "total":"12"}}
{"logTime": "0904/162304", "correlationVector":"zugjKAU23Yy7PS/Shdztmc.6","action":"ProcessGetUpdates", "result":"Done", "context":{"dataType":"Sessions", "deleted":"228", "process_failed_to_decrypt":"0", "process_pending_decryption":"0", "process_success":"228", "total":"228"}}
{"logTime": "0904/162304", "correlationVector":"zugjKAU23Yy7PS/Shdztmc.7","action":"ProcessGetUpdates", "result":"Done", "context":{"dataType":"Saved Tab Group", "deleted":"2", "process_failed_to_decrypt":"0", "process_pending_decryption":"0", "process_success":"2", "total":"2"}}
{"logTime": "0904/162304", "correlationVector":"zugjKAU23Yy7PS/Shdztmc.8","action":"ProcessGetUpdates", "result":"Done", "context":{"dataType":"Edge Hub App Usage", "deleted":"1", "process_failed_to_decrypt":"0", "process_pending_decryption":"0", "process_success":"2", "total":"2"}}
{"logTime": "0904/162304", "correlationVector":"zugjKAU23Yy7PS/Shdztmc.9","action":"GetUpdates Response", "result":"Success", "context":Received 250 update(s). cV=zugjKAU23Yy7PS/Shdztmc.0;server=akswtt11700005a;cloudType=Consumer;environment=Prod_francecentral_prod-s01-062-eur-francecentral;migrationStage=NotStarted Some updates remain.}
{"logTime": "0904/162304", "correlationVector":"8leyoZg36klYY76A31VKp/","action":"Initial GetUpdates", "result":"", "context":Reason: NEWLY_SUPPORTED_DATATYPE. cV=8leyoZg36klYY76A31VKp/}
{"logTime": "0904/162304", "correlationVector":"8leyoZg36klYY76A31VKp/.1","action":"SyncServerConnectionManagerRequest", "result":"SYNC_SERVER_OK", "context":{"environment":"Prod_francecentral_prod-s01-062-eur-francecentral", "migrationStage":"NotStarted", "server":"akswtt11700005z"}}
{"logTime": "0904/162304", "correlationVector":"8leyoZg36klYY76A31VKp/.2","action":"ProcessGetUpdates", "result":"Done", "context":{"dataType":"Bookmarks", "deleted":"0", "process_failed_to_decrypt":"0", "process_pending_decryption":"0", "process_success":"1", "total":"1"}}
{"logTime": "0904/162304", "correlationVector":"8leyoZg36klYY76A31VKp/.3","action":"ProcessGetUpdates", "result":"Done", "context":{"dataType":"Preferences", "deleted":"0", "process_failed_to_decrypt":"0", "process_pending_decryption":"0", "process_success":"4", "total":"4"}}
{"logTime": "0904/162304", "correlationVector":"8leyoZg36klYY76A31VKp/.4","action":"ProcessGetUpdates", "result":"Done", "context":{"dataType":"Sessions", "deleted":"37", "process_failed_to_decrypt":"0", "process_pending_decryption":"0", "process_success":"48", "total":"48"}}
{"logTime": "0904/162304", "correlationVector":"8leyoZg36klYY76A31VKp/.5","action":"ProcessGetUpdates", "result":"Done", "context":{"dataType":"Edge Hub App Usage", "deleted":"0", "process_failed_to_decrypt":"0", "process_pending_decryption":"0", "process_success":"4", "total":"4"}}
{"logTime": "0904/162304", "correlationVector":"8leyoZg36klYY76A31VKp/.6","action":"GetUpdates Response", "result":"Success", "context":Received 57 update(s). cV=8leyoZg36klYY76A31VKp/.0;server=akswtt11700005z;cloudType=Consumer;environment=Prod_francecentral_prod-s01-062-eur-francecentral;migrationStage=NotStarted}
{"logTime": "0904/162304", "correlationVector":"eWli5np6u16zYBlDfhPRsH","action":"Initial GetUpdates", "result":"", "context":Reason: NEWLY_SUPPORTED_DATATYPE. cV=eWli5np6u16zYBlDfhPRsH}
{"logTime": "0904/162304", "correlationVector":"eWli5np6u16zYBlDfhPRsH.1","action":"SyncServerConnectionManagerRequest", "result":"SYNC_SERVER_OK", "context":{"environment":"Prod_francecentral_prod-s01-062-eur-francecentral", "migrationStage":"NotStarted", "server":"akswtt117000062"}}
{"logTime": "0904/162304", "correlationVector":"eWli5np6u16zYBlDfhPRsH.2","action":"ProcessGetUpdates", "result":"Done", "context":{"dataType":"History", "deleted":"0", "process_failed_to_decrypt":"0", "process_pending_decryption":"0", "process_success":"250", "total":"250"}}
{"logTime": "0904/162304", "correlationVector":"eWli5np6u16zYBlDfhPRsH.3","action":"GetUpdates Response", "result":"Success", "context":Received 250 update(s). cV=eWli5np6u16zYBlDfhPRsH.0;server=akswtt117000062;cloudType=Consumer;environment=Prod_francecentral_prod-s01-062-eur-francecentral;migrationStage=NotStarted Some updates remain.}
{"logTime": "0904/162304", "correlationVector":"c8Vpb6fGetRVYyJeo19swc","action":"Initial GetUpdates", "result":"", "context":Reason: NEWLY_SUPPORTED_DATATYPE. cV=c8Vpb6fGetRVYyJeo19swc}
{"logTime": "0904/162305", "correlationVector":"c8Vpb6fGetRVYyJeo19swc.1","action":"SyncServerConnectionManagerRequest", "result":"SYNC_SERVER_OK", "context":{"environment":"Prod_francecentral_prod-s01-062-eur-francecentral", "migrationStage":"NotStarted", "server":"akswtt117000055"}}
{"logTime": "0904/162305", "correlationVector":"c8Vpb6fGetRVYyJeo19swc.2","action":"ProcessGetUpdates", "result":"Done", "context":{"dataType":"History", "deleted":"0", "process_failed_to_decrypt":"0", "process_pending_decryption":"0", "process_success":"250", "total":"250"}}
{"logTime": "0904/162305", "correlationVector":"c8Vpb6fGetRVYyJeo19swc.3","action":"GetUpdates Response", "result":"Success", "context":Received 250 update(s). cV=c8Vpb6fGetRVYyJeo19swc.0;server=akswtt117000055;cloudType=Consumer;environment=Prod_francecentral_prod-s01-062-eur-francecentral;migrationStage=NotStarted Some updates remain.}
{"logTime": "0904/162305", "correlationVector":"40thD+QrK8WM0MMBI6UEek","action":"Initial GetUpdates", "result":"", "context":Reason: NEWLY_SUPPORTED_DATATYPE. cV=40thD+QrK8WM0MMBI6UEek}
{"logTime": "0904/162305", "correlationVector":"40thD+QrK8WM0MMBI6UEek.1","action":"SyncServerConnectionManagerRequest", "result":"SYNC_SERVER_OK", "context":{"environment":"Prod_francecentral_prod-s01-062-eur-francecentral", "migrationStage":"NotStarted", "server":"akswtt117000055"}}
{"logTime": "0904/162305", "correlationVector":"40thD+QrK8WM0MMBI6UEek.2","action":"ProcessGetUpdates", "result":"Done", "context":{"dataType":"History", "deleted":"0", "process_failed_to_decrypt":"0", "process_pending_decryption":"0", "process_success":"250", "total":"250"}}
{"logTime": "0904/162305", "correlationVector":"40thD+QrK8WM0MMBI6UEek.3","action":"GetUpdates Response", "result":"Success", "context":Received 250 update(s). cV=40thD+QrK8WM0MMBI6UEek.0;server=akswtt117000055;cloudType=Consumer;environment=Prod_francecentral_prod-s01-062-eur-francecentral;migrationStage=NotStarted Some updates remain.}
{"logTime": "0904/162305", "correlationVector":"1u+5GXexQQS4alN0Xib7/D","action":"Initial GetUpdates", "result":"", "context":Reason: NEWLY_SUPPORTED_DATATYPE. cV=1u+5GXexQQS4alN0Xib7/D}
{"logTime": "0904/162305", "correlationVector":"1u+5GXexQQS4alN0Xib7/D.1","action":"SyncServerConnectionManagerRequest", "result":"SYNC_SERVER_OK", "context":{"environment":"Prod_francecentral_prod-s01-062-eur-francecentral", "migrationStage":"NotStarted", "server":"akswtt11700005b"}}
{"logTime": "0904/162305", "correlationVector":"1u+5GXexQQS4alN0Xib7/D.2","action":"ProcessGetUpdates", "result":"Done", "context":{"dataType":"History", "deleted":"0", "process_failed_to_decrypt":"0", "process_pending_decryption":"0", "process_success":"250", "total":"250"}}
{"logTime": "0904/162305", "correlationVector":"1u+5GXexQQS4alN0Xib7/D.3","action":"GetUpdates Response", "result":"Success", "context":Received 250 update(s). cV=1u+5GXexQQS4alN0Xib7/D.0;server=akswtt11700005b;cloudType=Consumer;environment=Prod_francecentral_prod-s01-062-eur-francecentral;migrationStage=NotStarted Some updates remain.}
{"logTime": "0904/162305", "correlationVector":"3HEx8BkpC2Z4xk8Bqzjm2W","action":"Initial GetUpdates", "result":"", "context":Reason: NEWLY_SUPPORTED_DATATYPE. cV=3HEx8BkpC2Z4xk8Bqzjm2W}
{"logTime": "0904/162306", "correlationVector":"3HEx8BkpC2Z4xk8Bqzjm2W.1","action":"SyncServerConnectionManagerRequest", "result":"SYNC_SERVER_OK", "context":{"environment":"Prod_francecentral_prod-s01-062-eur-francecentral", "migrationStage":"NotStarted", "server":"akswtt11700000d"}}
{"logTime": "0904/162306", "correlationVector":"3HEx8BkpC2Z4xk8Bqzjm2W.2","action":"ProcessGetUpdates", "result":"Done", "context":{"dataType":"History", "deleted":"0", "process_failed_to_decrypt":"0", "process_pending_decryption":"0", "process_success":"250", "total":"250"}}
{"logTime": "0904/162306", "correlationVector":"3HEx8BkpC2Z4xk8Bqzjm2W.3","action":"GetUpdates Response", "result":"Success", "context":Received 250 update(s). cV=3HEx8BkpC2Z4xk8Bqzjm2W.0;server=akswtt11700000d;cloudType=Consumer;environment=Prod_francecentral_prod-s01-062-eur-francecentral;migrationStage=NotStarted Some updates remain.}
{"logTime": "0904/162306", "correlationVector":"NOcPgFzvpNO/hxXoRaLeu5","action":"Initial GetUpdates", "result":"", "context":Reason: NEWLY_SUPPORTED_DATATYPE. cV=NOcPgFzvpNO/hxXoRaLeu5}
{"logTime": "0904/162306", "correlationVector":"NOcPgFzvpNO/hxXoRaLeu5.1","action":"SyncServerConnectionManagerRequest", "result":"SYNC_SERVER_OK", "context":{"environment":"Prod_francecentral_prod-s01-062-eur-francecentral", "migrationStage":"NotStarted", "server":"akswtt117000000"}}
{"logTime": "0904/162306", "correlationVector":"NOcPgFzvpNO/hxXoRaLeu5.2","action":"ProcessGetUpdates", "result":"Done", "context":{"dataType":"History", "deleted":"0", "process_failed_to_decrypt":"0", "process_pending_decryption":"0", "process_success":"250", "total":"250"}}
{"logTime": "0904/162306", "correlationVector":"NOcPgFzvpNO/hxXoRaLeu5.3","action":"GetUpdates Response", "result":"Success", "context":Received 250 update(s). cV=NOcPgFzvpNO/hxXoRaLeu5.0;server=akswtt117000000;cloudType=Consumer;environment=Prod_francecentral_prod-s01-062-eur-francecentral;migrationStage=NotStarted Some updates remain.}
{"logTime": "0904/162306", "correlationVector":"SqwC5XNp2Lz2HEAF6s9b/6","action":"Initial GetUpdates", "result":"", "context":Reason: NEWLY_SUPPORTED_DATATYPE. cV=SqwC5XNp2Lz2HEAF6s9b/6}
{"logTime": "0904/162306", "correlationVector":"SqwC5XNp2Lz2HEAF6s9b/6.1","action":"SyncServerConnectionManagerRequest", "result":"SYNC_SERVER_OK", "context":{"environment":"Prod_francecentral_prod-s01-062-eur-francecentral", "migrationStage":"NotStarted", "server":"akswtt117000055"}}
{"logTime": "0904/162306", "correlationVector":"SqwC5XNp2Lz2HEAF6s9b/6.2","action":"ProcessGetUpdates", "result":"Done", "context":{"dataType":"History", "deleted":"0", "process_failed_to_decrypt":"0", "process_pending_decryption":"0", "process_success":"246", "total":"246"}}
{"logTime": "0904/162306", "correlationVector":"SqwC5XNp2Lz2HEAF6s9b/6.3","action":"GetUpdates Response", "result":"Success", "context":Received 246 update(s). cV=SqwC5XNp2Lz2HEAF6s9b/6.0;server=akswtt117000055;cloudType=Consumer;environment=Prod_francecentral_prod-s01-062-eur-francecentral;migrationStage=NotStarted}
{"logTime": "0904/162306", "correlationVector":"GMi9LKkTZCf5XCrF0kDm/A","action":"Normal GetUpdate request", "result":"", "context":cV=GMi9LKkTZCf5XCrF0kDm/A
Nudged types: Sessions, Device Info, User Consents, History, Edge Hub App Usage
Refresh requested types: Bookmarks, Preferences, Passwords, Autofill Profiles, Autofill, Extensions, Sessions, Extension settings, History Delete Directives, Device Info, User Consents, Send Tab To Self, Web Apps, History, Saved Tab Group, WebAuthn Credentials, Edge Hub App Usage, Edge Workspace, Encryption Keys}
{"logTime": "0904/162307", "correlationVector":"GMi9LKkTZCf5XCrF0kDm/A.1","action":"SyncServerConnectionManagerRequest", "result":"SYNC_SERVER_OK", "context":{"environment":"Prod_francecentral_prod-s01-062-eur-francecentral", "migrationStage":"NotStarted", "server":"akswtt11700000n"}}
{"logTime": "0904/162307", "correlationVector":"GMi9LKkTZCf5XCrF0kDm/A.2","action":"GetUpdates Response", "result":"Success", "context":Received 0 update(s). cV=GMi9LKkTZCf5XCrF0kDm/A.0;server=akswtt11700000n;cloudType=Consumer;environment=Prod_francecentral_prod-s01-062-eur-francecentral;migrationStage=NotStarted}
{"logTime": "0904/162307", "correlationVector":"q7FbL5tcTFH5WClgbgMSX3","action":"Commit Request", "result":"", "context":Item count: 8
Contributing types: Sessions, Device Info, User Consents, History, Edge Hub App Usage}
{"logTime": "0904/162307", "correlationVector":"q7FbL5tcTFH5WClgbgMSX3.1","action":"SyncServerConnectionManagerRequest", "result":"SYNC_SERVER_OK", "context":{"environment":"Prod_francecentral_prod-s01-062-eur-francecentral", "migrationStage":"NotStarted", "server":"akswtt117000055"}}
{"logTime": "0904/162307", "correlationVector":"q7FbL5tcTFH5WClgbgMSX3.2","action":"Commit Response", "result":"Success", "context":Result: Success. cV=q7FbL5tcTFH5WClgbgMSX3.0;server=akswtt117000055;cloudType=Consumer;environment=Prod_francecentral_prod-s01-062-eur-francecentral;migrationStage=NotStarted}
