{"logTime": "0904/162110", "correlationVector":"aEkPVVfMQ/wi9PBtTWgpSE.1","action":"SyncServerConnectionManagerRequest", "result":"SYNC_SERVER_OK", "context":{"environment":"Prod_francecentral_prod-s01-062-eur-francecentral", "migrationStage":"NotStarted", "server":"akswtt117000055"}}
{"logTime": "0904/162110", "correlationVector":"aEkPVVfMQ/wi9PBtTWgpSE.2","action":"ProcessGetUpdates", "result":"Done", "context":{"dataType":"Encryption Keys", "deleted":"0", "process_failed_to_decrypt":"0", "process_pending_decryption":"0", "process_success":"1", "total":"1"}}
{"logTime": "0904/162111", "correlationVector":"MkMnhfb2Jq0VvXbEMKf2pe","action":"SyncServerConnectionManagerRequest", "result":"SYNC_SERVER_OK", "context":{"environment":"", "migrationStage":"", "server":""}}
{"logTime": "0904/162111", "correlationVector":"MkMnhfb2Jq0VvXbEMKf2pe.0","action":"EncryptionKeysFetcher.DownloadKeys:", "result":"Success", "context":Key count: 10, Last key timestamp: 2026-07-16T10:57:56Z}
{"logTime": "0904/162111", "correlationVector":"MkMnhfb2Jq0VvXbEMKf2pe.1","action":"EncryptionKeysManager::SetEncryptionKeys:", "result":"Success", "context":Key names[10]:[cmHt8R6wPIZTKxnFaEPxnFMhAndxosArDvbMtja802u7m5q0usrnwlhT44Eono64i1XyeKxJIjAtT7Mibcgh5A==][eMbm7eoCd3cWXu1yaXIbasWE6iqafiemL1UAZfh68vvr5OuYhjuslr03kEG2OUtJkeCqkW5Vborp9YCJ90gSxg==][gcOG4Of8QVQikxnTxDPE+li48bSlq5XTqxwbksiS0DadqHZrWKuREnhRv91ZfKf0f6oVOf24UtnFhi6wLiE7mw==][ZoABeXLvKUlYG0dmDrpsavKtUV0zkNSc5HYzN+N8knyVkkE09aR/umLNAVTNux5KCCSv6anomGSJDXAzKKx8Ng==][K8oh7ff6PPhzT6lbogPKkRsrVyORtP4A8TDSIwd+0YYiMjWlfA5MbaTNxaHUD0yg1cBqgSz/DFjnUFKUnqZksA==][s1B0ieeqTJt8JX9z+fR2fQwH2hmdN4a/8G5tgDJR45lMwJxRa6X9jO76hYkQWocPtjIE31dpiro7rmEc7YHo2A==][mN+L1tt95gvPtphRRHrYRcL52kIk7+TfC1S4iHWEaT+Coc8+Cv446Fb4LqGPN1iXndcGF19VsOB64/L2sAr47Q==][xt/MXgftbv2BG7NJlaWis9Y+h63UTCykHabL8LMDcoulFy7OwAjpSJ3MQxZ1TbVeHCh/4nqDons0r2AARA7N2Q==][wJ5IVlBPu1hkfS+u49zutLEXCYLoTwgXIF/7Us8I5ZjZOX6PXoDC44NSUTzu93U86Xji8nWuphZNGWCWGMIHvQ==][eKV8aAzNEIp3CnFXEQlKdqklZNIT9m2fVIC3Q4GVavuFCyEnQ6l4AqchESscKTOQhQMr7umYKXloy+7PhelD7g==]}
{"logTime": "0904/162111", "correlationVector":"MkMnhfb2Jq0VvXbEMKf2pe.2","action":"EncryptionKeysManager::SetEncryptionKeysWithTimestamps:", "result":"Success", "context":Key timestamps[10]:[2021-09-01T19:33:06Z][2022-03-01T20:32:35Z][2022-09-29T16:12:18Z][2023-04-03T18:09:01Z][2023-10-05T15:24:16Z][2024-04-04T17:25:54Z][2024-10-03T15:12:20Z][2025-07-16T21:14:09Z][2026-01-14T19:13:18Z][2026-07-16T10:57:56Z]}
{"logTime": "0904/162111", "correlationVector":"aEkPVVfMQ/wi9PBtTWgpSE","action":"Initial GetUpdates", "result":"", "context":Reason: NEW_CLIENT. cV=aEkPVVfMQ/wi9PBtTWgpSE}
{"logTime": "0904/162111", "correlationVector":"aEkPVVfMQ/wi9PBtTWgpSE.3","action":"GetUpdates Response", "result":"Success", "context":Received 1 update(s). cV=aEkPVVfMQ/wi9PBtTWgpSE.0;server=akswtt117000055;cloudType=Consumer;environment=Prod_francecentral_prod-s01-062-eur-francecentral;migrationStage=NotStarted}
{"logTime": "0904/162111", "correlationVector":"sARAeWVI8Gwj14UTfIWa0V","action":"Initial GetUpdates", "result":"", "context":Reason: NEWLY_SUPPORTED_DATATYPE. cV=sARAeWVI8Gwj14UTfIWa0V}
{"logTime": "0904/162111", "correlationVector":"sARAeWVI8Gwj14UTfIWa0V.1","action":"SyncServerConnectionManagerRequest", "result":"SYNC_SERVER_OK", "context":{"environment":"Prod_francecentral_prod-s01-062-eur-francecentral", "migrationStage":"NotStarted", "server":"akswtt117000055"}}
{"logTime": "0904/162111", "correlationVector":"sARAeWVI8Gwj14UTfIWa0V.2","action":"ProcessGetUpdates", "result":"Done", "context":{"dataType":"Passwords", "deleted":"0", "process_failed_to_decrypt":"0", "process_pending_decryption":"0", "process_success":"15", "total":"15"}}
{"logTime": "0904/162111", "correlationVector":"sARAeWVI8Gwj14UTfIWa0V.3","action":"ProcessGetUpdates", "result":"Done", "context":{"dataType":"Device Info", "deleted":"0", "process_failed_to_decrypt":"0", "process_pending_decryption":"0", "process_success":"18", "total":"18"}}
{"logTime": "0904/162111", "correlationVector":"sARAeWVI8Gwj14UTfIWa0V.4","action":"GetUpdates Response", "result":"Success", "context":Received 33 update(s). cV=sARAeWVI8Gwj14UTfIWa0V.0;server=akswtt117000055;cloudType=Consumer;environment=Prod_francecentral_prod-s01-062-eur-francecentral;migrationStage=NotStarted}
{"logTime": "0904/162111", "correlationVector":"muNxbbDR70dCwhTg4tTUbR","action":"Initial GetUpdates", "result":"", "context":Reason: NEWLY_SUPPORTED_DATATYPE. cV=muNxbbDR70dCwhTg4tTUbR}
{"logTime": "0904/162111", "correlationVector":"muNxbbDR70dCwhTg4tTUbR.1","action":"SyncServerConnectionManagerRequest", "result":"SYNC_SERVER_OK", "context":{"environment":"Prod_francecentral_prod-s01-062-eur-francecentral", "migrationStage":"NotStarted", "server":"akswtt11700000n"}}
{"logTime": "0904/162111", "correlationVector":"muNxbbDR70dCwhTg4tTUbR.2","action":"ProcessGetUpdates", "result":"Done", "context":{"dataType":"Bookmarks", "deleted":"0", "process_failed_to_decrypt":"0", "process_pending_decryption":"0", "process_success":"11", "total":"11"}}
{"logTime": "0904/162111", "correlationVector":"muNxbbDR70dCwhTg4tTUbR.3","action":"ProcessGetUpdates", "result":"Done", "context":{"dataType":"Preferences", "deleted":"0", "process_failed_to_decrypt":"0", "process_pending_decryption":"0", "process_success":"75", "total":"75"}}
{"logTime": "0904/162111", "correlationVector":"muNxbbDR70dCwhTg4tTUbR.4","action":"ProcessGetUpdates", "result":"Done", "context":{"dataType":"Autofill", "deleted":"0", "process_failed_to_decrypt":"0", "process_pending_decryption":"0", "process_success":"29", "total":"29"}}
{"logTime": "0904/162111", "correlationVector":"muNxbbDR70dCwhTg4tTUbR.5","action":"ProcessGetUpdates", "result":"Done", "context":{"dataType":"Sessions", "deleted":"131", "process_failed_to_decrypt":"0", "process_pending_decryption":"0", "process_success":"131", "total":"131"}}
{"logTime": "0904/162111", "correlationVector":"muNxbbDR70dCwhTg4tTUbR.6","action":"ProcessGetUpdates", "result":"Done", "context":{"dataType":"Edge Hub App Usage", "deleted":"2", "process_failed_to_decrypt":"0", "process_pending_decryption":"0", "process_success":"4", "total":"4"}}
{"logTime": "0904/162111", "correlationVector":"muNxbbDR70dCwhTg4tTUbR.7","action":"GetUpdates Response", "result":"Success", "context":Received 250 update(s). cV=muNxbbDR70dCwhTg4tTUbR.0;server=akswtt11700000n;cloudType=Consumer;environment=Prod_francecentral_prod-s01-062-eur-francecentral;migrationStage=NotStarted Some updates remain.}
{"logTime": "0904/162111", "correlationVector":"+hlvW9gxhehlhdzqOJTaK8","action":"Initial GetUpdates", "result":"", "context":Reason: NEWLY_SUPPORTED_DATATYPE. cV=+hlvW9gxhehlhdzqOJTaK8}
{"logTime": "0904/162112", "correlationVector":"+hlvW9gxhehlhdzqOJTaK8.1","action":"SyncServerConnectionManagerRequest", "result":"SYNC_SERVER_OK", "context":{"environment":"Prod_francecentral_prod-s01-062-eur-francecentral", "migrationStage":"NotStarted", "server":"akswtt11700000t"}}
{"logTime": "0904/162112", "correlationVector":"+hlvW9gxhehlhdzqOJTaK8.2","action":"ProcessGetUpdates", "result":"Done", "context":{"dataType":"Bookmarks", "deleted":"2", "process_failed_to_decrypt":"0", "process_pending_decryption":"0", "process_success":"4", "total":"4"}}
{"logTime": "0904/162112", "correlationVector":"+hlvW9gxhehlhdzqOJTaK8.3","action":"ProcessGetUpdates", "result":"Done", "context":{"dataType":"Preferences", "deleted":"0", "process_failed_to_decrypt":"0", "process_pending_decryption":"0", "process_success":"1", "total":"1"}}
{"logTime": "0904/162112", "correlationVector":"+hlvW9gxhehlhdzqOJTaK8.4","action":"ProcessGetUpdates", "result":"Done", "context":{"dataType":"Autofill Profiles", "deleted":"0", "process_failed_to_decrypt":"0", "process_pending_decryption":"0", "process_success":"1", "total":"1"}}
{"logTime": "0904/162112", "correlationVector":"+hlvW9gxhehlhdzqOJTaK8.5","action":"ProcessGetUpdates", "result":"Done", "context":{"dataType":"Autofill", "deleted":"0", "process_failed_to_decrypt":"0", "process_pending_decryption":"0", "process_success":"12", "total":"12"}}
{"logTime": "0904/162112", "correlationVector":"+hlvW9gxhehlhdzqOJTaK8.6","action":"ProcessGetUpdates", "result":"Done", "context":{"dataType":"Sessions", "deleted":"228", "process_failed_to_decrypt":"0", "process_pending_decryption":"0", "process_success":"228", "total":"228"}}
{"logTime": "0904/162112", "correlationVector":"+hlvW9gxhehlhdzqOJTaK8.7","action":"ProcessGetUpdates", "result":"Done", "context":{"dataType":"Saved Tab Group", "deleted":"2", "process_failed_to_decrypt":"0", "process_pending_decryption":"0", "process_success":"2", "total":"2"}}
{"logTime": "0904/162112", "correlationVector":"+hlvW9gxhehlhdzqOJTaK8.8","action":"ProcessGetUpdates", "result":"Done", "context":{"dataType":"Edge Hub App Usage", "deleted":"1", "process_failed_to_decrypt":"0", "process_pending_decryption":"0", "process_success":"2", "total":"2"}}
{"logTime": "0904/162112", "correlationVector":"+hlvW9gxhehlhdzqOJTaK8.9","action":"GetUpdates Response", "result":"Success", "context":Received 250 update(s). cV=+hlvW9gxhehlhdzqOJTaK8.0;server=akswtt11700000t;cloudType=Consumer;environment=Prod_francecentral_prod-s01-062-eur-francecentral;migrationStage=NotStarted Some updates remain.}
{"logTime": "0904/162112", "correlationVector":"QqP8gRnM5UUAHz0mUrSNKm","action":"Initial GetUpdates", "result":"", "context":Reason: NEWLY_SUPPORTED_DATATYPE. cV=QqP8gRnM5UUAHz0mUrSNKm}
{"logTime": "0904/162112", "correlationVector":"QqP8gRnM5UUAHz0mUrSNKm.1","action":"SyncServerConnectionManagerRequest", "result":"SYNC_SERVER_OK", "context":{"environment":"Prod_francecentral_prod-s01-062-eur-francecentral", "migrationStage":"NotStarted", "server":"akswtt11700000f"}}
{"logTime": "0904/162112", "correlationVector":"QqP8gRnM5UUAHz0mUrSNKm.2","action":"ProcessGetUpdates", "result":"Done", "context":{"dataType":"Bookmarks", "deleted":"0", "process_failed_to_decrypt":"0", "process_pending_decryption":"0", "process_success":"1", "total":"1"}}
{"logTime": "0904/162112", "correlationVector":"QqP8gRnM5UUAHz0mUrSNKm.3","action":"ProcessGetUpdates", "result":"Done", "context":{"dataType":"Preferences", "deleted":"0", "process_failed_to_decrypt":"0", "process_pending_decryption":"0", "process_success":"4", "total":"4"}}
{"logTime": "0904/162112", "correlationVector":"QqP8gRnM5UUAHz0mUrSNKm.4","action":"ProcessGetUpdates", "result":"Done", "context":{"dataType":"Sessions", "deleted":"37", "process_failed_to_decrypt":"0", "process_pending_decryption":"0", "process_success":"43", "total":"43"}}
{"logTime": "0904/162112", "correlationVector":"QqP8gRnM5UUAHz0mUrSNKm.5","action":"ProcessGetUpdates", "result":"Done", "context":{"dataType":"Edge Hub App Usage", "deleted":"0", "process_failed_to_decrypt":"0", "process_pending_decryption":"0", "process_success":"2", "total":"2"}}
{"logTime": "0904/162112", "correlationVector":"QqP8gRnM5UUAHz0mUrSNKm.6","action":"GetUpdates Response", "result":"Success", "context":Received 50 update(s). cV=QqP8gRnM5UUAHz0mUrSNKm.0;server=akswtt11700000f;cloudType=Consumer;environment=Prod_francecentral_prod-s01-062-eur-francecentral;migrationStage=NotStarted}
{"logTime": "0904/162112", "correlationVector":"bBCEh5QKuu+W92xNx30D/C","action":"Initial GetUpdates", "result":"", "context":Reason: NEWLY_SUPPORTED_DATATYPE. cV=bBCEh5QKuu+W92xNx30D/C}
{"logTime": "0904/162112", "correlationVector":"bBCEh5QKuu+W92xNx30D/C.1","action":"SyncServerConnectionManagerRequest", "result":"SYNC_SERVER_OK", "context":{"environment":"Prod_francecentral_prod-s01-062-eur-francecentral", "migrationStage":"NotStarted", "server":"akswtt11700005p"}}
{"logTime": "0904/162112", "correlationVector":"bBCEh5QKuu+W92xNx30D/C.2","action":"ProcessGetUpdates", "result":"Done", "context":{"dataType":"History", "deleted":"0", "process_failed_to_decrypt":"0", "process_pending_decryption":"0", "process_success":"250", "total":"250"}}
{"logTime": "0904/162112", "correlationVector":"bBCEh5QKuu+W92xNx30D/C.3","action":"GetUpdates Response", "result":"Success", "context":Received 250 update(s). cV=bBCEh5QKuu+W92xNx30D/C.0;server=akswtt11700005p;cloudType=Consumer;environment=Prod_francecentral_prod-s01-062-eur-francecentral;migrationStage=NotStarted Some updates remain.}
{"logTime": "0904/162112", "correlationVector":"8/FDLeQB3B1FazUZfcQJqP","action":"Initial GetUpdates", "result":"", "context":Reason: NEWLY_SUPPORTED_DATATYPE. cV=8/FDLeQB3B1FazUZfcQJqP}
{"logTime": "0904/162112", "correlationVector":"8/FDLeQB3B1FazUZfcQJqP.1","action":"SyncServerConnectionManagerRequest", "result":"SYNC_SERVER_OK", "context":{"environment":"Prod_francecentral_prod-s01-062-eur-francecentral", "migrationStage":"NotStarted", "server":"akswtt11700000h"}}
{"logTime": "0904/162112", "correlationVector":"8/FDLeQB3B1FazUZfcQJqP.2","action":"ProcessGetUpdates", "result":"Done", "context":{"dataType":"History", "deleted":"0", "process_failed_to_decrypt":"0", "process_pending_decryption":"0", "process_success":"250", "total":"250"}}
{"logTime": "0904/162112", "correlationVector":"8/FDLeQB3B1FazUZfcQJqP.3","action":"GetUpdates Response", "result":"Success", "context":Received 250 update(s). cV=8/FDLeQB3B1FazUZfcQJqP.0;server=akswtt11700000h;cloudType=Consumer;environment=Prod_francecentral_prod-s01-062-eur-francecentral;migrationStage=NotStarted Some updates remain.}
{"logTime": "0904/162112", "correlationVector":"VAz2KVwzTK6KKxAUz1w/i8","action":"Initial GetUpdates", "result":"", "context":Reason: NEWLY_SUPPORTED_DATATYPE. cV=VAz2KVwzTK6KKxAUz1w/i8}
{"logTime": "0904/162113", "correlationVector":"VAz2KVwzTK6KKxAUz1w/i8.1","action":"SyncServerConnectionManagerRequest", "result":"SYNC_SERVER_OK", "context":{"environment":"Prod_francecentral_prod-s01-062-eur-francecentral", "migrationStage":"NotStarted", "server":"akswtt117000010"}}
{"logTime": "0904/162113", "correlationVector":"VAz2KVwzTK6KKxAUz1w/i8.2","action":"ProcessGetUpdates", "result":"Done", "context":{"dataType":"History", "deleted":"0", "process_failed_to_decrypt":"0", "process_pending_decryption":"0", "process_success":"250", "total":"250"}}
{"logTime": "0904/162113", "correlationVector":"VAz2KVwzTK6KKxAUz1w/i8.3","action":"GetUpdates Response", "result":"Success", "context":Received 250 update(s). cV=VAz2KVwzTK6KKxAUz1w/i8.0;server=akswtt117000010;cloudType=Consumer;environment=Prod_francecentral_prod-s01-062-eur-francecentral;migrationStage=NotStarted Some updates remain.}
{"logTime": "0904/162113", "correlationVector":"75Wc1rj0F6Tzl4at7F507e","action":"Initial GetUpdates", "result":"", "context":Reason: NEWLY_SUPPORTED_DATATYPE. cV=75Wc1rj0F6Tzl4at7F507e}
{"logTime": "0904/162113", "correlationVector":"75Wc1rj0F6Tzl4at7F507e.1","action":"SyncServerConnectionManagerRequest", "result":"SYNC_SERVER_OK", "context":{"environment":"Prod_francecentral_prod-s01-062-eur-francecentral", "migrationStage":"NotStarted", "server":"akswtt117000060"}}
{"logTime": "0904/162113", "correlationVector":"75Wc1rj0F6Tzl4at7F507e.2","action":"ProcessGetUpdates", "result":"Done", "context":{"dataType":"History", "deleted":"0", "process_failed_to_decrypt":"0", "process_pending_decryption":"0", "process_success":"250", "total":"250"}}
{"logTime": "0904/162113", "correlationVector":"75Wc1rj0F6Tzl4at7F507e.3","action":"GetUpdates Response", "result":"Success", "context":Received 250 update(s). cV=75Wc1rj0F6Tzl4at7F507e.0;server=akswtt117000060;cloudType=Consumer;environment=Prod_francecentral_prod-s01-062-eur-francecentral;migrationStage=NotStarted Some updates remain.}
{"logTime": "0904/162113", "correlationVector":"VhVAVxlL2myNK582Dz5m/o","action":"Initial GetUpdates", "result":"", "context":Reason: NEWLY_SUPPORTED_DATATYPE. cV=VhVAVxlL2myNK582Dz5m/o}
{"logTime": "0904/162114", "correlationVector":"VhVAVxlL2myNK582Dz5m/o.1","action":"SyncServerConnectionManagerRequest", "result":"SYNC_SERVER_OK", "context":{"environment":"Prod_francecentral_prod-s01-062-eur-francecentral", "migrationStage":"NotStarted", "server":"akswtt117000062"}}
{"logTime": "0904/162114", "correlationVector":"VhVAVxlL2myNK582Dz5m/o.2","action":"ProcessGetUpdates", "result":"Done", "context":{"dataType":"History", "deleted":"0", "process_failed_to_decrypt":"0", "process_pending_decryption":"0", "process_success":"250", "total":"250"}}
{"logTime": "0904/162114", "correlationVector":"VhVAVxlL2myNK582Dz5m/o.3","action":"GetUpdates Response", "result":"Success", "context":Received 250 update(s). cV=VhVAVxlL2myNK582Dz5m/o.0;server=akswtt117000062;cloudType=Consumer;environment=Prod_francecentral_prod-s01-062-eur-francecentral;migrationStage=NotStarted Some updates remain.}
{"logTime": "0904/162114", "correlationVector":"dSKcdHjCzzobCLS/UedR0s","action":"Initial GetUpdates", "result":"", "context":Reason: NEWLY_SUPPORTED_DATATYPE. cV=dSKcdHjCzzobCLS/UedR0s}
{"logTime": "0904/162114", "correlationVector":"dSKcdHjCzzobCLS/UedR0s.1","action":"SyncServerConnectionManagerRequest", "result":"SYNC_SERVER_OK", "context":{"environment":"Prod_francecentral_prod-s01-062-eur-francecentral", "migrationStage":"NotStarted", "server":"akswtt117000010"}}
{"logTime": "0904/162114", "correlationVector":"dSKcdHjCzzobCLS/UedR0s.2","action":"ProcessGetUpdates", "result":"Done", "context":{"dataType":"History", "deleted":"0", "process_failed_to_decrypt":"0", "process_pending_decryption":"0", "process_success":"250", "total":"250"}}
{"logTime": "0904/162114", "correlationVector":"dSKcdHjCzzobCLS/UedR0s.3","action":"GetUpdates Response", "result":"Success", "context":Received 250 update(s). cV=dSKcdHjCzzobCLS/UedR0s.0;server=akswtt117000010;cloudType=Consumer;environment=Prod_francecentral_prod-s01-062-eur-francecentral;migrationStage=NotStarted Some updates remain.}
{"logTime": "0904/162114", "correlationVector":"dCxEwjyIdwKz49sgXcyXRH","action":"Initial GetUpdates", "result":"", "context":Reason: NEWLY_SUPPORTED_DATATYPE. cV=dCxEwjyIdwKz49sgXcyXRH}
{"logTime": "0904/162114", "correlationVector":"dCxEwjyIdwKz49sgXcyXRH.1","action":"SyncServerConnectionManagerRequest", "result":"SYNC_SERVER_OK", "context":{"environment":"Prod_francecentral_prod-s01-062-eur-francecentral", "migrationStage":"NotStarted", "server":"akswtt117000010"}}
{"logTime": "0904/162114", "correlationVector":"dCxEwjyIdwKz49sgXcyXRH.2","action":"ProcessGetUpdates", "result":"Done", "context":{"dataType":"History", "deleted":"0", "process_failed_to_decrypt":"0", "process_pending_decryption":"0", "process_success":"237", "total":"237"}}
{"logTime": "0904/162114", "correlationVector":"dCxEwjyIdwKz49sgXcyXRH.3","action":"GetUpdates Response", "result":"Success", "context":Received 237 update(s). cV=dCxEwjyIdwKz49sgXcyXRH.0;server=akswtt117000010;cloudType=Consumer;environment=Prod_francecentral_prod-s01-062-eur-francecentral;migrationStage=NotStarted}
{"logTime": "0904/162114", "correlationVector":"GtpY2K/WGKleWhw0eltws2","action":"Normal GetUpdate request", "result":"", "context":cV=GtpY2K/WGKleWhw0eltws2
Nudged types: Sessions, Device Info, User Consents, History, Edge Hub App Usage
Refresh requested types: Bookmarks, Preferences, Passwords, Autofill Profiles, Autofill, Extensions, Sessions, Extension settings, History Delete Directives, Device Info, User Consents, Send Tab To Self, Web Apps, History, Saved Tab Group, WebAuthn Credentials, Edge Hub App Usage, Edge Workspace, Encryption Keys}
{"logTime": "0904/162114", "correlationVector":"GtpY2K/WGKleWhw0eltws2.1","action":"SyncServerConnectionManagerRequest", "result":"SYNC_SERVER_OK", "context":{"environment":"Prod_francecentral_prod-s01-062-eur-francecentral", "migrationStage":"NotStarted", "server":"akswtt117000010"}}
{"logTime": "0904/162114", "correlationVector":"GtpY2K/WGKleWhw0eltws2.2","action":"GetUpdates Response", "result":"Success", "context":Received 0 update(s). cV=GtpY2K/WGKleWhw0eltws2.0;server=akswtt117000010;cloudType=Consumer;environment=Prod_francecentral_prod-s01-062-eur-francecentral;migrationStage=NotStarted}
{"logTime": "0904/162114", "correlationVector":"GEMc91dRX1+Tfz4j8Z+4io","action":"Commit Request", "result":"", "context":Item count: 8
Contributing types: Sessions, Device Info, User Consents, History, Edge Hub App Usage}
{"logTime": "0904/162115", "correlationVector":"GEMc91dRX1+Tfz4j8Z+4io.1","action":"SyncServerConnectionManagerRequest", "result":"SYNC_SERVER_OK", "context":{"environment":"Prod_francecentral_prod-s01-062-eur-francecentral", "migrationStage":"NotStarted", "server":"akswtt117000055"}}
{"logTime": "0904/162115", "correlationVector":"GEMc91dRX1+Tfz4j8Z+4io.2","action":"Commit Response", "result":"Success", "context":Result: Success. cV=GEMc91dRX1+Tfz4j8Z+4io.0;server=akswtt117000055;cloudType=Consumer;environment=Prod_francecentral_prod-s01-062-eur-francecentral;migrationStage=NotStarted}
