{"logTime": "0904/162037", "correlationVector":"wGGn2sL+ZolJHoZD3L/jNe.1","action":"SyncServerConnectionManagerRequest", "result":"SYNC_SERVER_OK", "context":{"environment":"Prod_francecentral_prod-s01-062-eur-francecentral", "migrationStage":"NotStarted", "server":"akswtt11700000c"}}
{"logTime": "0904/162037", "correlationVector":"wGGn2sL+ZolJHoZD3L/jNe.2","action":"ProcessGetUpdates", "result":"Done", "context":{"dataType":"Encryption Keys", "deleted":"0", "process_failed_to_decrypt":"0", "process_pending_decryption":"0", "process_success":"1", "total":"1"}}
{"logTime": "0904/162037", "correlationVector":"KGOuSzdRUQbsAFO3oXO3zP","action":"SyncServerConnectionManagerRequest", "result":"SYNC_SERVER_OK", "context":{"environment":"", "migrationStage":"", "server":""}}
{"logTime": "0904/162037", "correlationVector":"KGOuSzdRUQbsAFO3oXO3zP.0","action":"EncryptionKeysFetcher.DownloadKeys:", "result":"Success", "context":Key count: 10, Last key timestamp: 2026-07-16T10:57:56Z}
{"logTime": "0904/162037", "correlationVector":"KGOuSzdRUQbsAFO3oXO3zP.1","action":"EncryptionKeysManager::SetEncryptionKeys:", "result":"Success", "context":Key names[10]:[cmHt8R6wPIZTKxnFaEPxnFMhAndxosArDvbMtja802u7m5q0usrnwlhT44Eono64i1XyeKxJIjAtT7Mibcgh5A==][eMbm7eoCd3cWXu1yaXIbasWE6iqafiemL1UAZfh68vvr5OuYhjuslr03kEG2OUtJkeCqkW5Vborp9YCJ90gSxg==][gcOG4Of8QVQikxnTxDPE+li48bSlq5XTqxwbksiS0DadqHZrWKuREnhRv91ZfKf0f6oVOf24UtnFhi6wLiE7mw==][ZoABeXLvKUlYG0dmDrpsavKtUV0zkNSc5HYzN+N8knyVkkE09aR/umLNAVTNux5KCCSv6anomGSJDXAzKKx8Ng==][K8oh7ff6PPhzT6lbogPKkRsrVyORtP4A8TDSIwd+0YYiMjWlfA5MbaTNxaHUD0yg1cBqgSz/DFjnUFKUnqZksA==][s1B0ieeqTJt8JX9z+fR2fQwH2hmdN4a/8G5tgDJR45lMwJxRa6X9jO76hYkQWocPtjIE31dpiro7rmEc7YHo2A==][mN+L1tt95gvPtphRRHrYRcL52kIk7+TfC1S4iHWEaT+Coc8+Cv446Fb4LqGPN1iXndcGF19VsOB64/L2sAr47Q==][xt/MXgftbv2BG7NJlaWis9Y+h63UTCykHabL8LMDcoulFy7OwAjpSJ3MQxZ1TbVeHCh/4nqDons0r2AARA7N2Q==][wJ5IVlBPu1hkfS+u49zutLEXCYLoTwgXIF/7Us8I5ZjZOX6PXoDC44NSUTzu93U86Xji8nWuphZNGWCWGMIHvQ==][eKV8aAzNEIp3CnFXEQlKdqklZNIT9m2fVIC3Q4GVavuFCyEnQ6l4AqchESscKTOQhQMr7umYKXloy+7PhelD7g==]}
{"logTime": "0904/162037", "correlationVector":"KGOuSzdRUQbsAFO3oXO3zP.2","action":"EncryptionKeysManager::SetEncryptionKeysWithTimestamps:", "result":"Success", "context":Key timestamps[10]:[2021-09-01T19:33:06Z][2022-03-01T20:32:35Z][2022-09-29T16:12:18Z][2023-04-03T18:09:01Z][2023-10-05T15:24:16Z][2024-04-04T17:25:54Z][2024-10-03T15:12:20Z][2025-07-16T21:14:09Z][2026-01-14T19:13:18Z][2026-07-16T10:57:56Z]}
{"logTime": "0904/162037", "correlationVector":"wGGn2sL+ZolJHoZD3L/jNe","action":"Initial GetUpdates", "result":"", "context":Reason: NEW_CLIENT. cV=wGGn2sL+ZolJHoZD3L/jNe}
{"logTime": "0904/162037", "correlationVector":"wGGn2sL+ZolJHoZD3L/jNe.3","action":"GetUpdates Response", "result":"Success", "context":Received 1 update(s). cV=wGGn2sL+ZolJHoZD3L/jNe.0;server=akswtt11700000c;cloudType=Consumer;environment=Prod_francecentral_prod-s01-062-eur-francecentral;migrationStage=NotStarted}
{"logTime": "0904/162037", "correlationVector":"K29528znj0ty2VQi3ZLnI6","action":"Initial GetUpdates", "result":"", "context":Reason: NEWLY_SUPPORTED_DATATYPE. cV=K29528znj0ty2VQi3ZLnI6}
{"logTime": "0904/162037", "correlationVector":"K29528znj0ty2VQi3ZLnI6.1","action":"SyncServerConnectionManagerRequest", "result":"SYNC_SERVER_OK", "context":{"environment":"Prod_francecentral_prod-s01-062-eur-francecentral", "migrationStage":"NotStarted", "server":"akswtt11700006d"}}
{"logTime": "0904/162037", "correlationVector":"K29528znj0ty2VQi3ZLnI6.2","action":"ProcessGetUpdates", "result":"Done", "context":{"dataType":"Passwords", "deleted":"0", "process_failed_to_decrypt":"0", "process_pending_decryption":"0", "process_success":"15", "total":"15"}}
{"logTime": "0904/162037", "correlationVector":"K29528znj0ty2VQi3ZLnI6.3","action":"ProcessGetUpdates", "result":"Done", "context":{"dataType":"Device Info", "deleted":"0", "process_failed_to_decrypt":"0", "process_pending_decryption":"0", "process_success":"16", "total":"16"}}
{"logTime": "0904/162037", "correlationVector":"K29528znj0ty2VQi3ZLnI6.4","action":"GetUpdates Response", "result":"Success", "context":Received 31 update(s). cV=K29528znj0ty2VQi3ZLnI6.0;server=akswtt11700006d;cloudType=Consumer;environment=Prod_francecentral_prod-s01-062-eur-francecentral;migrationStage=NotStarted}
{"logTime": "0904/162037", "correlationVector":"4hlIjRtdg+WCxMpZnoeE01","action":"Initial GetUpdates", "result":"", "context":Reason: NEWLY_SUPPORTED_DATATYPE. cV=4hlIjRtdg+WCxMpZnoeE01}
{"logTime": "0904/162038", "correlationVector":"4hlIjRtdg+WCxMpZnoeE01.1","action":"SyncServerConnectionManagerRequest", "result":"SYNC_SERVER_OK", "context":{"environment":"Prod_francecentral_prod-s01-062-eur-francecentral", "migrationStage":"NotStarted", "server":"akswtt11700000t"}}
{"logTime": "0904/162038", "correlationVector":"4hlIjRtdg+WCxMpZnoeE01.2","action":"ProcessGetUpdates", "result":"Done", "context":{"dataType":"Bookmarks", "deleted":"0", "process_failed_to_decrypt":"0", "process_pending_decryption":"0", "process_success":"11", "total":"11"}}
{"logTime": "0904/162038", "correlationVector":"4hlIjRtdg+WCxMpZnoeE01.3","action":"ProcessGetUpdates", "result":"Done", "context":{"dataType":"Preferences", "deleted":"0", "process_failed_to_decrypt":"0", "process_pending_decryption":"0", "process_success":"75", "total":"75"}}
{"logTime": "0904/162038", "correlationVector":"4hlIjRtdg+WCxMpZnoeE01.4","action":"ProcessGetUpdates", "result":"Done", "context":{"dataType":"Autofill", "deleted":"0", "process_failed_to_decrypt":"0", "process_pending_decryption":"0", "process_success":"29", "total":"29"}}
{"logTime": "0904/162038", "correlationVector":"4hlIjRtdg+WCxMpZnoeE01.5","action":"ProcessGetUpdates", "result":"Done", "context":{"dataType":"Sessions", "deleted":"131", "process_failed_to_decrypt":"0", "process_pending_decryption":"0", "process_success":"131", "total":"131"}}
{"logTime": "0904/162038", "correlationVector":"4hlIjRtdg+WCxMpZnoeE01.6","action":"ProcessGetUpdates", "result":"Done", "context":{"dataType":"Edge Hub App Usage", "deleted":"2", "process_failed_to_decrypt":"0", "process_pending_decryption":"0", "process_success":"4", "total":"4"}}
{"logTime": "0904/162038", "correlationVector":"4hlIjRtdg+WCxMpZnoeE01.7","action":"GetUpdates Response", "result":"Success", "context":Received 250 update(s). cV=4hlIjRtdg+WCxMpZnoeE01.0;server=akswtt11700000t;cloudType=Consumer;environment=Prod_francecentral_prod-s01-062-eur-francecentral;migrationStage=NotStarted Some updates remain.}
{"logTime": "0904/162038", "correlationVector":"GUIZlghqemSpSbk3sRbEyt","action":"Initial GetUpdates", "result":"", "context":Reason: NEWLY_SUPPORTED_DATATYPE. cV=GUIZlghqemSpSbk3sRbEyt}
{"logTime": "0904/162038", "correlationVector":"GUIZlghqemSpSbk3sRbEyt.1","action":"SyncServerConnectionManagerRequest", "result":"SYNC_SERVER_OK", "context":{"environment":"Prod_francecentral_prod-s01-062-eur-francecentral", "migrationStage":"NotStarted", "server":"akswtt117000007"}}
{"logTime": "0904/162038", "correlationVector":"GUIZlghqemSpSbk3sRbEyt.2","action":"ProcessGetUpdates", "result":"Done", "context":{"dataType":"Bookmarks", "deleted":"2", "process_failed_to_decrypt":"0", "process_pending_decryption":"0", "process_success":"4", "total":"4"}}
{"logTime": "0904/162038", "correlationVector":"GUIZlghqemSpSbk3sRbEyt.3","action":"ProcessGetUpdates", "result":"Done", "context":{"dataType":"Preferences", "deleted":"0", "process_failed_to_decrypt":"0", "process_pending_decryption":"0", "process_success":"1", "total":"1"}}
{"logTime": "0904/162038", "correlationVector":"GUIZlghqemSpSbk3sRbEyt.4","action":"ProcessGetUpdates", "result":"Done", "context":{"dataType":"Autofill Profiles", "deleted":"0", "process_failed_to_decrypt":"0", "process_pending_decryption":"0", "process_success":"1", "total":"1"}}
{"logTime": "0904/162038", "correlationVector":"GUIZlghqemSpSbk3sRbEyt.5","action":"ProcessGetUpdates", "result":"Done", "context":{"dataType":"Autofill", "deleted":"0", "process_failed_to_decrypt":"0", "process_pending_decryption":"0", "process_success":"12", "total":"12"}}
{"logTime": "0904/162038", "correlationVector":"GUIZlghqemSpSbk3sRbEyt.6","action":"ProcessGetUpdates", "result":"Done", "context":{"dataType":"Sessions", "deleted":"228", "process_failed_to_decrypt":"0", "process_pending_decryption":"0", "process_success":"228", "total":"228"}}
{"logTime": "0904/162038", "correlationVector":"GUIZlghqemSpSbk3sRbEyt.7","action":"ProcessGetUpdates", "result":"Done", "context":{"dataType":"Saved Tab Group", "deleted":"2", "process_failed_to_decrypt":"0", "process_pending_decryption":"0", "process_success":"2", "total":"2"}}
{"logTime": "0904/162038", "correlationVector":"GUIZlghqemSpSbk3sRbEyt.8","action":"ProcessGetUpdates", "result":"Done", "context":{"dataType":"Edge Hub App Usage", "deleted":"1", "process_failed_to_decrypt":"0", "process_pending_decryption":"0", "process_success":"2", "total":"2"}}
{"logTime": "0904/162038", "correlationVector":"GUIZlghqemSpSbk3sRbEyt.9","action":"GetUpdates Response", "result":"Success", "context":Received 250 update(s). cV=GUIZlghqemSpSbk3sRbEyt.0;server=akswtt117000007;cloudType=Consumer;environment=Prod_francecentral_prod-s01-062-eur-francecentral;migrationStage=NotStarted Some updates remain.}
{"logTime": "0904/162038", "correlationVector":"eeqQhYeNGH8P2mYtg8Kr1k","action":"Initial GetUpdates", "result":"", "context":Reason: NEWLY_SUPPORTED_DATATYPE. cV=eeqQhYeNGH8P2mYtg8Kr1k}
{"logTime": "0904/162038", "correlationVector":"eeqQhYeNGH8P2mYtg8Kr1k.1","action":"SyncServerConnectionManagerRequest", "result":"SYNC_SERVER_OK", "context":{"environment":"Prod_francecentral_prod-s01-062-eur-francecentral", "migrationStage":"NotStarted", "server":"akswtt117000001"}}
{"logTime": "0904/162038", "correlationVector":"eeqQhYeNGH8P2mYtg8Kr1k.2","action":"ProcessGetUpdates", "result":"Done", "context":{"dataType":"Bookmarks", "deleted":"0", "process_failed_to_decrypt":"0", "process_pending_decryption":"0", "process_success":"1", "total":"1"}}
{"logTime": "0904/162038", "correlationVector":"eeqQhYeNGH8P2mYtg8Kr1k.3","action":"ProcessGetUpdates", "result":"Done", "context":{"dataType":"Preferences", "deleted":"0", "process_failed_to_decrypt":"0", "process_pending_decryption":"0", "process_success":"4", "total":"4"}}
{"logTime": "0904/162038", "correlationVector":"eeqQhYeNGH8P2mYtg8Kr1k.4","action":"ProcessGetUpdates", "result":"Done", "context":{"dataType":"Sessions", "deleted":"37", "process_failed_to_decrypt":"0", "process_pending_decryption":"0", "process_success":"39", "total":"39"}}
{"logTime": "0904/162038", "correlationVector":"eeqQhYeNGH8P2mYtg8Kr1k.5","action":"GetUpdates Response", "result":"Success", "context":Received 44 update(s). cV=eeqQhYeNGH8P2mYtg8Kr1k.0;server=akswtt117000001;cloudType=Consumer;environment=Prod_francecentral_prod-s01-062-eur-francecentral;migrationStage=NotStarted}
{"logTime": "0904/162038", "correlationVector":"Tl1T/Ku0WkpczYxR3giKHD","action":"Initial GetUpdates", "result":"", "context":Reason: NEWLY_SUPPORTED_DATATYPE. cV=Tl1T/Ku0WkpczYxR3giKHD}
{"logTime": "0904/162039", "correlationVector":"Tl1T/Ku0WkpczYxR3giKHD.1","action":"SyncServerConnectionManagerRequest", "result":"SYNC_SERVER_OK", "context":{"environment":"Prod_francecentral_prod-s01-062-eur-francecentral", "migrationStage":"NotStarted", "server":"akswtt11700006b"}}
{"logTime": "0904/162039", "correlationVector":"Tl1T/Ku0WkpczYxR3giKHD.2","action":"ProcessGetUpdates", "result":"Done", "context":{"dataType":"History", "deleted":"0", "process_failed_to_decrypt":"0", "process_pending_decryption":"0", "process_success":"250", "total":"250"}}
{"logTime": "0904/162039", "correlationVector":"Tl1T/Ku0WkpczYxR3giKHD.3","action":"GetUpdates Response", "result":"Success", "context":Received 250 update(s). cV=Tl1T/Ku0WkpczYxR3giKHD.0;server=akswtt11700006b;cloudType=Consumer;environment=Prod_francecentral_prod-s01-062-eur-francecentral;migrationStage=NotStarted Some updates remain.}
{"logTime": "0904/162039", "correlationVector":"aLf47UPnZMg/PaMOoO7yHh","action":"Initial GetUpdates", "result":"", "context":Reason: NEWLY_SUPPORTED_DATATYPE. cV=aLf47UPnZMg/PaMOoO7yHh}
{"logTime": "0904/162039", "correlationVector":"aLf47UPnZMg/PaMOoO7yHh.1","action":"SyncServerConnectionManagerRequest", "result":"SYNC_SERVER_OK", "context":{"environment":"Prod_francecentral_prod-s01-062-eur-francecentral", "migrationStage":"NotStarted", "server":"akswtt117000007"}}
{"logTime": "0904/162039", "correlationVector":"aLf47UPnZMg/PaMOoO7yHh.2","action":"ProcessGetUpdates", "result":"Done", "context":{"dataType":"History", "deleted":"0", "process_failed_to_decrypt":"0", "process_pending_decryption":"0", "process_success":"250", "total":"250"}}
{"logTime": "0904/162039", "correlationVector":"aLf47UPnZMg/PaMOoO7yHh.3","action":"GetUpdates Response", "result":"Success", "context":Received 250 update(s). cV=aLf47UPnZMg/PaMOoO7yHh.0;server=akswtt117000007;cloudType=Consumer;environment=Prod_francecentral_prod-s01-062-eur-francecentral;migrationStage=NotStarted Some updates remain.}
{"logTime": "0904/162039", "correlationVector":"24dyatbFTuCi2g6G+E8X/d","action":"Initial GetUpdates", "result":"", "context":Reason: NEWLY_SUPPORTED_DATATYPE. cV=24dyatbFTuCi2g6G+E8X/d}
{"logTime": "0904/162039", "correlationVector":"24dyatbFTuCi2g6G+E8X/d.1","action":"SyncServerConnectionManagerRequest", "result":"SYNC_SERVER_OK", "context":{"environment":"Prod_francecentral_prod-s01-062-eur-francecentral", "migrationStage":"NotStarted", "server":"akswtt11700006d"}}
{"logTime": "0904/162039", "correlationVector":"24dyatbFTuCi2g6G+E8X/d.2","action":"ProcessGetUpdates", "result":"Done", "context":{"dataType":"History", "deleted":"0", "process_failed_to_decrypt":"0", "process_pending_decryption":"0", "process_success":"250", "total":"250"}}
{"logTime": "0904/162039", "correlationVector":"24dyatbFTuCi2g6G+E8X/d.3","action":"GetUpdates Response", "result":"Success", "context":Received 250 update(s). cV=24dyatbFTuCi2g6G+E8X/d.0;server=akswtt11700006d;cloudType=Consumer;environment=Prod_francecentral_prod-s01-062-eur-francecentral;migrationStage=NotStarted Some updates remain.}
{"logTime": "0904/162039", "correlationVector":"3d3riaUH4mOhuoUZ+P4Pwx","action":"Initial GetUpdates", "result":"", "context":Reason: NEWLY_SUPPORTED_DATATYPE. cV=3d3riaUH4mOhuoUZ+P4Pwx}
{"logTime": "0904/162040", "correlationVector":"3d3riaUH4mOhuoUZ+P4Pwx.1","action":"SyncServerConnectionManagerRequest", "result":"SYNC_SERVER_OK", "context":{"environment":"Prod_francecentral_prod-s01-062-eur-francecentral", "migrationStage":"NotStarted", "server":"akswtt11700005d"}}
{"logTime": "0904/162040", "correlationVector":"3d3riaUH4mOhuoUZ+P4Pwx.2","action":"ProcessGetUpdates", "result":"Done", "context":{"dataType":"History", "deleted":"0", "process_failed_to_decrypt":"0", "process_pending_decryption":"0", "process_success":"250", "total":"250"}}
{"logTime": "0904/162040", "correlationVector":"3d3riaUH4mOhuoUZ+P4Pwx.3","action":"GetUpdates Response", "result":"Success", "context":Received 250 update(s). cV=3d3riaUH4mOhuoUZ+P4Pwx.0;server=akswtt11700005d;cloudType=Consumer;environment=Prod_francecentral_prod-s01-062-eur-francecentral;migrationStage=NotStarted Some updates remain.}
{"logTime": "0904/162040", "correlationVector":"mRgdkQcOVnDg0bdBUyxQts","action":"Initial GetUpdates", "result":"", "context":Reason: NEWLY_SUPPORTED_DATATYPE. cV=mRgdkQcOVnDg0bdBUyxQts}
{"logTime": "0904/162040", "correlationVector":"mRgdkQcOVnDg0bdBUyxQts.1","action":"SyncServerConnectionManagerRequest", "result":"SYNC_SERVER_OK", "context":{"environment":"Prod_francecentral_prod-s01-062-eur-francecentral", "migrationStage":"NotStarted", "server":"akswtt11700000z"}}
{"logTime": "0904/162040", "correlationVector":"mRgdkQcOVnDg0bdBUyxQts.2","action":"ProcessGetUpdates", "result":"Done", "context":{"dataType":"History", "deleted":"0", "process_failed_to_decrypt":"0", "process_pending_decryption":"0", "process_success":"250", "total":"250"}}
{"logTime": "0904/162040", "correlationVector":"mRgdkQcOVnDg0bdBUyxQts.3","action":"GetUpdates Response", "result":"Success", "context":Received 250 update(s). cV=mRgdkQcOVnDg0bdBUyxQts.0;server=akswtt11700000z;cloudType=Consumer;environment=Prod_francecentral_prod-s01-062-eur-francecentral;migrationStage=NotStarted Some updates remain.}
{"logTime": "0904/162040", "correlationVector":"Ov4LWpqIn110vS4qESIuj5","action":"Initial GetUpdates", "result":"", "context":Reason: NEWLY_SUPPORTED_DATATYPE. cV=Ov4LWpqIn110vS4qESIuj5}
{"logTime": "0904/162040", "correlationVector":"Ov4LWpqIn110vS4qESIuj5.1","action":"SyncServerConnectionManagerRequest", "result":"SYNC_SERVER_OK", "context":{"environment":"Prod_francecentral_prod-s01-062-eur-francecentral", "migrationStage":"NotStarted", "server":"akswtt11700005d"}}
{"logTime": "0904/162040", "correlationVector":"Ov4LWpqIn110vS4qESIuj5.2","action":"ProcessGetUpdates", "result":"Done", "context":{"dataType":"History", "deleted":"0", "process_failed_to_decrypt":"0", "process_pending_decryption":"0", "process_success":"250", "total":"250"}}
{"logTime": "0904/162040", "correlationVector":"Ov4LWpqIn110vS4qESIuj5.3","action":"GetUpdates Response", "result":"Success", "context":Received 250 update(s). cV=Ov4LWpqIn110vS4qESIuj5.0;server=akswtt11700005d;cloudType=Consumer;environment=Prod_francecentral_prod-s01-062-eur-francecentral;migrationStage=NotStarted Some updates remain.}
{"logTime": "0904/162040", "correlationVector":"bQDtr908ILE/p4yub8ZihF","action":"Initial GetUpdates", "result":"", "context":Reason: NEWLY_SUPPORTED_DATATYPE. cV=bQDtr908ILE/p4yub8ZihF}
{"logTime": "0904/162041", "correlationVector":"bQDtr908ILE/p4yub8ZihF.1","action":"SyncServerConnectionManagerRequest", "result":"SYNC_SERVER_OK", "context":{"environment":"Prod_francecentral_prod-s01-062-eur-francecentral", "migrationStage":"NotStarted", "server":"akswtt11700005d"}}
{"logTime": "0904/162041", "correlationVector":"bQDtr908ILE/p4yub8ZihF.2","action":"ProcessGetUpdates", "result":"Done", "context":{"dataType":"History", "deleted":"0", "process_failed_to_decrypt":"0", "process_pending_decryption":"0", "process_success":"231", "total":"231"}}
{"logTime": "0904/162041", "correlationVector":"bQDtr908ILE/p4yub8ZihF.3","action":"GetUpdates Response", "result":"Success", "context":Received 231 update(s). cV=bQDtr908ILE/p4yub8ZihF.0;server=akswtt11700005d;cloudType=Consumer;environment=Prod_francecentral_prod-s01-062-eur-francecentral;migrationStage=NotStarted}
{"logTime": "0904/162041", "correlationVector":"WXL7xq+PExsUitoEoURE5S","action":"Normal GetUpdate request", "result":"", "context":cV=WXL7xq+PExsUitoEoURE5S
Nudged types: Sessions, Device Info, User Consents, History, Edge Hub App Usage
Refresh requested types: Bookmarks, Preferences, Passwords, Autofill Profiles, Autofill, Extensions, Sessions, Extension settings, History Delete Directives, Device Info, User Consents, Send Tab To Self, Web Apps, History, Saved Tab Group, WebAuthn Credentials, Edge Hub App Usage, Edge Workspace, Encryption Keys}
{"logTime": "0904/162041", "correlationVector":"WXL7xq+PExsUitoEoURE5S.1","action":"SyncServerConnectionManagerRequest", "result":"SYNC_SERVER_OK", "context":{"environment":"Prod_francecentral_prod-s01-062-eur-francecentral", "migrationStage":"NotStarted", "server":"akswtt117000004"}}
{"logTime": "0904/162041", "correlationVector":"WXL7xq+PExsUitoEoURE5S.2","action":"GetUpdates Response", "result":"Success", "context":Received 0 update(s). cV=WXL7xq+PExsUitoEoURE5S.0;server=akswtt117000004;cloudType=Consumer;environment=Prod_francecentral_prod-s01-062-eur-francecentral;migrationStage=NotStarted}
{"logTime": "0904/162041", "correlationVector":"1LZdpGnASrBFudXxiCRZFn","action":"Commit Request", "result":"", "context":Item count: 8
Contributing types: Sessions, Device Info, User Consents, History, Edge Hub App Usage}
{"logTime": "0904/162041", "correlationVector":"1LZdpGnASrBFudXxiCRZFn.1","action":"SyncServerConnectionManagerRequest", "result":"SYNC_SERVER_OK", "context":{"environment":"Prod_francecentral_prod-s01-062-eur-francecentral", "migrationStage":"NotStarted", "server":"akswtt11700000p"}}
{"logTime": "0904/162041", "correlationVector":"1LZdpGnASrBFudXxiCRZFn.2","action":"Commit Response", "result":"Success", "context":Result: Success. cV=1LZdpGnASrBFudXxiCRZFn.0;server=akswtt11700000p;cloudType=Consumer;environment=Prod_francecentral_prod-s01-062-eur-francecentral;migrationStage=NotStarted}
